Archive member included to satisfy reference by file (symbol)

c:/program files (x86)/atmel/studio/7.0/toolchain/arm/arm-gnu-toolchain/bin/../lib/gcc/arm-none-eabi/6.3.1/thumb/v6-m\libgcc.a(_udivsi3.o)
                              src/ASF/common2/services/delay/sam0/systick_counter.o (__aeabi_uidiv)
c:/program files (x86)/atmel/studio/7.0/toolchain/arm/arm-gnu-toolchain/bin/../lib/gcc/arm-none-eabi/6.3.1/thumb/v6-m\libgcc.a(_divsi3.o)
                              src/ASF/thirdparty/fatfs/fatfs-r0.09/src/ff.o (__aeabi_idiv)
c:/program files (x86)/atmel/studio/7.0/toolchain/arm/arm-gnu-toolchain/bin/../lib/gcc/arm-none-eabi/6.3.1/thumb/v6-m\libgcc.a(_dvmd_tls.o)
                              c:/program files (x86)/atmel/studio/7.0/toolchain/arm/arm-gnu-toolchain/bin/../lib/gcc/arm-none-eabi/6.3.1/thumb/v6-m\libgcc.a(_udivsi3.o) (__aeabi_idiv0)
c:/program files (x86)/atmel/studio/7.0/toolchain/arm/arm-gnu-toolchain/bin/../lib/gcc/arm-none-eabi/6.3.1/thumb/v6-m\libgcc.a(_muldi3.o)
                              src/ASF/sam0/drivers/sercom/sercom.o (__aeabi_lmul)
c:/program files (x86)/atmel/studio/7.0/toolchain/arm/arm-gnu-toolchain/bin/../lib/gcc/arm-none-eabi/6.3.1/../../../../arm-none-eabi/lib/thumb/v6-m\libc_nano.a(lib_a-exit.o)
                              c:/program files (x86)/atmel/studio/7.0/toolchain/arm/arm-gnu-toolchain/bin/../lib/gcc/arm-none-eabi/6.3.1/../../../../arm-none-eabi/lib/thumb/v6-m/crt0.o (exit)
c:/program files (x86)/atmel/studio/7.0/toolchain/arm/arm-gnu-toolchain/bin/../lib/gcc/arm-none-eabi/6.3.1/../../../../arm-none-eabi/lib/thumb/v6-m\libc_nano.a(lib_a-impure.o)
                              c:/program files (x86)/atmel/studio/7.0/toolchain/arm/arm-gnu-toolchain/bin/../lib/gcc/arm-none-eabi/6.3.1/../../../../arm-none-eabi/lib/thumb/v6-m\libc_nano.a(lib_a-exit.o) (_global_impure_ptr)
c:/program files (x86)/atmel/studio/7.0/toolchain/arm/arm-gnu-toolchain/bin/../lib/gcc/arm-none-eabi/6.3.1/../../../../arm-none-eabi/lib/thumb/v6-m\libc_nano.a(lib_a-init.o)
                              c:/program files (x86)/atmel/studio/7.0/toolchain/arm/arm-gnu-toolchain/bin/../lib/gcc/arm-none-eabi/6.3.1/../../../../arm-none-eabi/lib/thumb/v6-m/crt0.o (__libc_init_array)
c:/program files (x86)/atmel/studio/7.0/toolchain/arm/arm-gnu-toolchain/bin/../lib/gcc/arm-none-eabi/6.3.1/../../../../arm-none-eabi/lib/thumb/v6-m\libc_nano.a(lib_a-malloc.o)
                              src/SerialConsole/circular_buffer.o (malloc)
c:/program files (x86)/atmel/studio/7.0/toolchain/arm/arm-gnu-toolchain/bin/../lib/gcc/arm-none-eabi/6.3.1/../../../../arm-none-eabi/lib/thumb/v6-m\libc_nano.a(lib_a-memset.o)
                              c:/program files (x86)/atmel/studio/7.0/toolchain/arm/arm-gnu-toolchain/bin/../lib/gcc/arm-none-eabi/6.3.1/../../../../arm-none-eabi/lib/thumb/v6-m/crt0.o (memset)
c:/program files (x86)/atmel/studio/7.0/toolchain/arm/arm-gnu-toolchain/bin/../lib/gcc/arm-none-eabi/6.3.1/../../../../arm-none-eabi/lib/thumb/v6-m\libc_nano.a(lib_a-nano-freer.o)
                              c:/program files (x86)/atmel/studio/7.0/toolchain/arm/arm-gnu-toolchain/bin/../lib/gcc/arm-none-eabi/6.3.1/../../../../arm-none-eabi/lib/thumb/v6-m\libc_nano.a(lib_a-malloc.o) (_free_r)
c:/program files (x86)/atmel/studio/7.0/toolchain/arm/arm-gnu-toolchain/bin/../lib/gcc/arm-none-eabi/6.3.1/../../../../arm-none-eabi/lib/thumb/v6-m\libc_nano.a(lib_a-nano-mallocr.o)
                              c:/program files (x86)/atmel/studio/7.0/toolchain/arm/arm-gnu-toolchain/bin/../lib/gcc/arm-none-eabi/6.3.1/../../../../arm-none-eabi/lib/thumb/v6-m\libc_nano.a(lib_a-malloc.o) (_malloc_r)
c:/program files (x86)/atmel/studio/7.0/toolchain/arm/arm-gnu-toolchain/bin/../lib/gcc/arm-none-eabi/6.3.1/../../../../arm-none-eabi/lib/thumb/v6-m\libc_nano.a(lib_a-sbrkr.o)
                              c:/program files (x86)/atmel/studio/7.0/toolchain/arm/arm-gnu-toolchain/bin/../lib/gcc/arm-none-eabi/6.3.1/../../../../arm-none-eabi/lib/thumb/v6-m\libc_nano.a(lib_a-nano-mallocr.o) (_sbrk_r)
c:/program files (x86)/atmel/studio/7.0/toolchain/arm/arm-gnu-toolchain/bin/../lib/gcc/arm-none-eabi/6.3.1/../../../../arm-none-eabi/lib/thumb/v6-m\libc_nano.a(lib_a-setbuf.o)
                              src/SerialConsole/SerialConsole.o (setbuf)
c:/program files (x86)/atmel/studio/7.0/toolchain/arm/arm-gnu-toolchain/bin/../lib/gcc/arm-none-eabi/6.3.1/../../../../arm-none-eabi/lib/thumb/v6-m\libc_nano.a(lib_a-setvbuf.o)
                              c:/program files (x86)/atmel/studio/7.0/toolchain/arm/arm-gnu-toolchain/bin/../lib/gcc/arm-none-eabi/6.3.1/../../../../arm-none-eabi/lib/thumb/v6-m\libc_nano.a(lib_a-setbuf.o) (setvbuf)
c:/program files (x86)/atmel/studio/7.0/toolchain/arm/arm-gnu-toolchain/bin/../lib/gcc/arm-none-eabi/6.3.1/../../../../arm-none-eabi/lib/thumb/v6-m\libc_nano.a(lib_a-strlen.o)
                              src/SerialConsole/SerialConsole.o (strlen)
[...]
Memory Configuration

Name             Origin             Length             Attributes
rom              0x00000000         0x00040000         xr
ram              0x20000000         0x00008000         xrw
*default*        0x00000000         0xffffffff

Linker script and memory map

LOAD c:/program files (x86)/atmel/studio/7.0/toolchain/arm/arm-gnu-toolchain/bin/../lib/gcc/arm-none-eabi/6.3.1/thumb/v6-m/crti.o
LOAD c:/program files (x86)/atmel/studio/7.0/toolchain/arm/arm-gnu-toolchain/bin/../lib/gcc/arm-none-eabi/6.3.1/thumb/v6-m/crtbegin.o
LOAD c:/program files (x86)/atmel/studio/7.0/toolchain/arm/arm-gnu-toolchain/bin/../lib/gcc/arm-none-eabi/6.3.1/../../../../arm-none-eabi/lib/thumb/v6-m/crt0.o
LOAD src/ASF/common2/services/delay/sam0/systick_counter.o
LOAD src/ASF/common/services/crc32/crc32.o
LOAD src/ASF/sam0/boards/board_init.o
LOAD src/ASF/sam0/drivers/dsu/crc32/crc32.o
LOAD src/ASF/sam0/drivers/nvm/nvm.o
LOAD src/ASF/sam0/drivers/pac/pac_sam_d_r_h/pac.o
LOAD src/SerialConsole/circular_buffer.o
LOAD src/SerialConsole/SerialConsole.o
LOAD src/ASF/common2/components/memory/sd_mmc/sd_mmc.o
LOAD src/ASF/common2/components/memory/sd_mmc/sd_mmc_mem.o
LOAD src/ASF/common2/components/memory/sd_mmc/sd_mmc_spi.o
LOAD src/ASF/common/services/storage/ctrl_access/ctrl_access.o
LOAD src/ASF/common/utils/interrupt/interrupt_sam_nvic.o
LOAD src/ASF/sam0/drivers/port/port.o
LOAD src/ASF/sam0/drivers/rtc/rtc_sam_d_r_h/rtc_calendar.o
LOAD src/ASF/sam0/drivers/sercom/sercom.o
LOAD src/ASF/sam0/drivers/sercom/sercom_interrupt.o
LOAD src/ASF/sam0/drivers/sercom/spi/spi.o
LOAD src/ASF/sam0/drivers/sercom/spi/spi_interrupt.o
LOAD src/ASF/sam0/drivers/sercom/usart/usart.o
LOAD src/ASF/sam0/drivers/sercom/usart/usart_interrupt.o
LOAD src/ASF/sam0/drivers/system/clock/clock_samd21_r21_da_ha1/clock.o
LOAD src/ASF/sam0/drivers/system/clock/clock_samd21_r21_da_ha1/gclk.o
LOAD src/ASF/sam0/drivers/system/interrupt/system_interrupt.o
LOAD src/ASF/sam0/drivers/system/pinmux/pinmux.o
LOAD src/ASF/sam0/drivers/system/system.o
LOAD src/ASF/sam0/utils/cmsis/samd21/source/gcc/startup_samd21.o
LOAD src/ASF/sam0/utils/cmsis/samd21/source/system_samd21.o
LOAD src/ASF/sam0/utils/stdio/read.o
LOAD src/ASF/sam0/utils/stdio/write.o
LOAD src/ASF/sam0/utils/syscalls/gcc/syscalls.o
LOAD src/ASF/thirdparty/fatfs/fatfs-port-r0.09/diskio.o
LOAD src/ASF/thirdparty/fatfs/fatfs-port-r0.09/sam0/fattime_rtc.o
LOAD src/ASF/thirdparty/fatfs/fatfs-r0.09/src/ff.o
LOAD src/ASF/thirdparty/fatfs/fatfs-r0.09/src/option/ccsbcs.o
LOAD src/example.o
START GROUP
LOAD ../src/ASF/thirdparty/CMSIS/Lib/GCC\libarm_cortexM0l_math.a
LOAD c:/program files (x86)/atmel/studio/7.0/toolchain/arm/arm-gnu-toolchain/bin/../lib/gcc/arm-none-eabi/6.3.1/../../../../arm-none-eabi/lib/thumb/v6-m\libm.a
END GROUP
                0x00002000                __stack_size__ = 0x2000
START GROUP
LOAD c:/program files (x86)/atmel/studio/7.0/toolchain/arm/arm-gnu-toolchain/bin/../lib/gcc/arm-none-eabi/6.3.1/thumb/v6-m\libgcc.a
LOAD c:/program files (x86)/atmel/studio/7.0/toolchain/arm/arm-gnu-toolchain/bin/../lib/gcc/arm-none-eabi/6.3.1/../../../../arm-none-eabi/lib/thumb/v6-m\libc_nano.a
END GROUP
START GROUP
LOAD c:/program files (x86)/atmel/studio/7.0/toolchain/arm/arm-gnu-toolchain/bin/../lib/gcc/arm-none-eabi/6.3.1/thumb/v6-m\libgcc.a
LOAD c:/program files (x86)/atmel/studio/7.0/toolchain/arm/arm-gnu-toolchain/bin/../lib/gcc/arm-none-eabi/6.3.1/../../../../arm-none-eabi/lib/thumb/v6-m\libc_nano.a
END GROUP
LOAD c:/program files (x86)/atmel/studio/7.0/toolchain/arm/arm-gnu-toolchain/bin/../lib/gcc/arm-none-eabi/6.3.1/thumb/v6-m/crtend.o
LOAD c:/program files (x86)/atmel/studio/7.0/toolchain/arm/arm-gnu-toolchain/bin/../lib/gcc/arm-none-eabi/6.3.1/thumb/v6-m/crtn.o
                0x00002000                STACK_SIZE = DEFINED (STACK_SIZE)?STACK_SIZE:DEFINED (__stack_size__)?__stack_size__:0x2000

.text           0x00000000     0x6584
                0x00000000                . = ALIGN (0x4)
                0x00000000                _sfixed = .
 *(.vectors .vectors.*)
 .vectors       0x00000000       0xb4 src/ASF/sam0/utils/cmsis/samd21/source/gcc/startup_samd21.o
                0x00000000                exception_table
 *(.text .text.* .gnu.linkonce.t.*)
 .text          0x000000b4       0x60 c:/program files (x86)/atmel/studio/7.0/toolchain/arm/arm-gnu-toolchain/bin/../lib/gcc/arm-none-eabi/6.3.1/thumb/v6-m/crtbegin.o
 .text.delay_init
                0x00000114       0x40 src/ASF/common2/services/delay/sam0/systick_counter.o
                0x00000114                delay_init
 .text.delay_cycles_ms
                0x00000154       0x2c src/ASF/common2/services/delay/sam0/systick_counter.o
                0x00000154                delay_cycles_ms
 .text.system_board_init
                0x00000180       0x38 src/ASF/sam0/boards/board_init.o
                0x00000180                board_init
                0x00000180                system_board_init
 .text.advance_pointer
                0x000001b8       0x34 src/SerialConsole/circular_buffer.o
 .text.circular_buf_init
                0x000001ec       0x20 src/SerialConsole/circular_buffer.o
                0x000001ec                circular_buf_init
 .text.circular_buf_put
                0x0000020c       0x14 src/SerialConsole/circular_buffer.o
                0x0000020c                circular_buf_put
 .text.circular_buf_empty
                0x00000220       0x18 src/SerialConsole/circular_buffer.o
                0x00000220                circular_buf_empty
 .text.circular_buf_get
                0x00000238       0x38 src/SerialConsole/circular_buffer.o
                0x00000238                circular_buf_get
 .text.usart_serial_getchar
                0x00000270       0x2c src/SerialConsole/SerialConsole.o
 .text.usart_serial_putchar
                0x0000029c       0x18 src/SerialConsole/SerialConsole.o
 .text.usart_write_callback
                0x000002b4       0x30 src/SerialConsole/SerialConsole.o
                0x000002b4                usart_write_callback
 .text.InitializeSerialConsole
                0x000002e4      0x168 src/SerialConsole/SerialConsole.o
                0x000002e4                InitializeSerialConsole
 .text.DeinitializeSerialConsole
                0x0000044c       0x38 src/SerialConsole/SerialConsole.o
                0x0000044c                DeinitializeSerialConsole
 .text.SerialConsoleWriteString
                0x00000484       0x74 src/SerialConsole/SerialConsole.o
                0x00000484                SerialConsoleWriteString
 .text.usart_read_callback
                0x000004f8       0x54 src/SerialConsole/SerialConsole.o
                0x000004f8                usart_read_callback
 .text.LogMessage
                0x0000054c        0x6 src/SerialConsole/SerialConsole.o
                0x0000054c                LogMessage
 *fill*         0x00000552        0x2 
 .text.sd_mmc_configure_slot
                0x00000554       0x28 src/ASF/common2/components/memory/sd_mmc/sd_mmc.o
 .text.sd_mmc_select_slot
                0x0000057c       0x5c src/ASF/common2/components/memory/sd_mmc/sd_mmc.o
 .text.sd_mmc_cmd13
                0x000005d8       0x38 src/ASF/common2/components/memory/sd_mmc/sd_mmc.o
 .text.sd_mmc_cmd9_spi
                0x00000610       0x4c src/ASF/common2/components/memory/sd_mmc/sd_mmc.o
 .text.sd_mmc_deselect_slot
                0x0000065c       0x1c src/ASF/common2/components/memory/sd_mmc/sd_mmc.o
 .text.sd_mmc_init
                0x00000678       0x20 src/ASF/common2/components/memory/sd_mmc/sd_mmc.o
                0x00000678                sd_mmc_init
 .text.sd_mmc_check
                0x00000698      0x4b0 src/ASF/common2/components/memory/sd_mmc/sd_mmc.o
                0x00000698                sd_mmc_check
 .text.sd_mmc_get_type
                0x00000b48       0x28 src/ASF/common2/components/memory/sd_mmc/sd_mmc.o
                0x00000b48                sd_mmc_get_type
 .text.sd_mmc_get_capacity
                0x00000b70       0x28 src/ASF/common2/components/memory/sd_mmc/sd_mmc.o
                0x00000b70                sd_mmc_get_capacity
 .text.sd_mmc_is_write_protected
                0x00000b98        0x4 src/ASF/common2/components/memory/sd_mmc/sd_mmc.o
                0x00000b98                sd_mmc_is_write_protected
 .text.sd_mmc_init_read_blocks
                0x00000b9c       0x88 src/ASF/common2/components/memory/sd_mmc/sd_mmc.o
                0x00000b9c                sd_mmc_init_read_blocks
 .text.sd_mmc_start_read_blocks
                0x00000c24       0x2c src/ASF/common2/components/memory/sd_mmc/sd_mmc.o
                0x00000c24                sd_mmc_start_read_blocks
 .text.sd_mmc_wait_end_of_read_blocks
                0x00000c50       0x70 src/ASF/common2/components/memory/sd_mmc/sd_mmc.o
                0x00000c50                sd_mmc_wait_end_of_read_blocks
 .text.sd_mmc_init_write_blocks
                0x00000cc0       0x70 src/ASF/common2/components/memory/sd_mmc/sd_mmc.o
                0x00000cc0                sd_mmc_init_write_blocks
 .text.sd_mmc_start_write_blocks
                0x00000d30       0x2c src/ASF/common2/components/memory/sd_mmc/sd_mmc.o
                0x00000d30                sd_mmc_start_write_blocks
 .text.sd_mmc_wait_end_of_write_blocks
                0x00000d5c       0x50 src/ASF/common2/components/memory/sd_mmc/sd_mmc.o
                0x00000d5c                sd_mmc_wait_end_of_write_blocks
 .text.sd_mmc_test_unit_ready
                0x00000dac       0x50 src/ASF/common2/components/memory/sd_mmc/sd_mmc_mem.o
                0x00000dac                sd_mmc_test_unit_ready
 .text.sd_mmc_test_unit_ready_0
                0x00000dfc       0x10 src/ASF/common2/components/memory/sd_mmc/sd_mmc_mem.o
                0x00000dfc                sd_mmc_test_unit_ready_0
 .text.sd_mmc_read_capacity
                0x00000e0c       0x20 src/ASF/common2/components/memory/sd_mmc/sd_mmc_mem.o
                0x00000e0c                sd_mmc_read_capacity
 .text.sd_mmc_read_capacity_0
                0x00000e2c       0x10 src/ASF/common2/components/memory/sd_mmc/sd_mmc_mem.o
                0x00000e2c                sd_mmc_read_capacity_0
 .text.sd_mmc_wr_protect_0
                0x00000e3c       0x10 src/ASF/common2/components/memory/sd_mmc/sd_mmc_mem.o
                0x00000e3c                sd_mmc_wr_protect_0
 .text.sd_mmc_mem_2_ram
                0x00000e4c       0x44 src/ASF/common2/components/memory/sd_mmc/sd_mmc_mem.o
                0x00000e4c                sd_mmc_mem_2_ram
 .text.sd_mmc_mem_2_ram_0
                0x00000e90       0x14 src/ASF/common2/components/memory/sd_mmc/sd_mmc_mem.o
                0x00000e90                sd_mmc_mem_2_ram_0
 .text.sd_mmc_ram_2_mem
                0x00000ea4       0x44 src/ASF/common2/components/memory/sd_mmc/sd_mmc_mem.o
                0x00000ea4                sd_mmc_ram_2_mem
 .text.sd_mmc_ram_2_mem_0
                0x00000ee8       0x14 src/ASF/common2/components/memory/sd_mmc/sd_mmc_mem.o
                0x00000ee8                sd_mmc_ram_2_mem_0
 .text.sd_mmc_spi_start_write_block
                0x00000efc       0x48 src/ASF/common2/components/memory/sd_mmc/sd_mmc_spi.o
 .text.sd_mmc_spi_wait_busy
                0x00000f44       0x64 src/ASF/common2/components/memory/sd_mmc/sd_mmc_spi.o
 .text.sd_mmc_spi_stop_multiwrite_block
                0x00000fa8       0x78 src/ASF/common2/components/memory/sd_mmc/sd_mmc_spi.o
 .text.sd_mmc_spi_start_read_block
                0x00001020       0x6c src/ASF/common2/components/memory/sd_mmc/sd_mmc_spi.o
 .text.sd_mmc_spi_stop_write_block
                0x0000108c       0x70 src/ASF/common2/components/memory/sd_mmc/sd_mmc_spi.o
 .text.sd_mmc_deinit
                0x000010fc       0x14 src/ASF/common2/components/memory/sd_mmc/sd_mmc_spi.o
                0x000010fc                sd_mmc_deinit
 .text.sd_mmc_spi_init
                0x00001110      0x100 src/ASF/common2/components/memory/sd_mmc/sd_mmc_spi.o
                0x00001110                sd_mmc_spi_init
 .text.sd_mmc_spi_select_device
                0x00001210       0x54 src/ASF/common2/components/memory/sd_mmc/sd_mmc_spi.o
                0x00001210                sd_mmc_spi_select_device
 .text.sd_mmc_spi_deselect_device
                0x00001264       0x28 src/ASF/common2/components/memory/sd_mmc/sd_mmc_spi.o
                0x00001264                sd_mmc_spi_deselect_device
 .text.sd_mmc_spi_send_clock
                0x0000128c       0x38 src/ASF/common2/components/memory/sd_mmc/sd_mmc_spi.o
                0x0000128c                sd_mmc_spi_send_clock
 .text.sd_mmc_spi_adtc_start
                0x000012c4      0x190 src/ASF/common2/components/memory/sd_mmc/sd_mmc_spi.o
                0x000012c4                sd_mmc_spi_adtc_start
 .text.sd_mmc_spi_send_cmd
                0x00001454       0x18 src/ASF/common2/components/memory/sd_mmc/sd_mmc_spi.o
                0x00001454                sd_mmc_spi_send_cmd
 .text.sd_mmc_spi_get_response
                0x0000146c        0xc src/ASF/common2/components/memory/sd_mmc/sd_mmc_spi.o
                0x0000146c                sd_mmc_spi_get_response
 .text.sd_mmc_spi_read_word
                0x00001478       0x78 src/ASF/common2/components/memory/sd_mmc/sd_mmc_spi.o
                0x00001478                sd_mmc_spi_read_word
 .text.sd_mmc_spi_start_read_blocks
                0x000014f0       0x8c src/ASF/common2/components/memory/sd_mmc/sd_mmc_spi.o
                0x000014f0                sd_mmc_spi_start_read_blocks
 .text.sd_mmc_spi_wait_end_of_read_blocks
                0x0000157c        0x4 src/ASF/common2/components/memory/sd_mmc/sd_mmc_spi.o
                0x0000157c                sd_mmc_spi_wait_end_of_read_blocks
 .text.sd_mmc_spi_start_write_blocks
                0x00001580       0x80 src/ASF/common2/components/memory/sd_mmc/sd_mmc_spi.o
                0x00001580                sd_mmc_spi_start_write_blocks
 .text.sd_mmc_spi_wait_end_of_write_blocks
                0x00001600       0x24 src/ASF/common2/components/memory/sd_mmc/sd_mmc_spi.o
                0x00001600                sd_mmc_spi_wait_end_of_write_blocks
 .text.mem_test_unit_ready
                0x00001624       0x18 src/ASF/common/services/storage/ctrl_access/ctrl_access.o
                0x00001624                mem_test_unit_ready
 .text.mem_read_capacity
                0x0000163c       0x1c src/ASF/common/services/storage/ctrl_access/ctrl_access.o
                0x0000163c                mem_read_capacity
 .text.mem_sector_size
                0x00001658        0x8 src/ASF/common/services/storage/ctrl_access/ctrl_access.o
                0x00001658                mem_sector_size
 .text.mem_wr_protect
                0x00001660       0x18 src/ASF/common/services/storage/ctrl_access/ctrl_access.o
                0x00001660                mem_wr_protect
 .text.memory_2_ram
                0x00001678       0x20 src/ASF/common/services/storage/ctrl_access/ctrl_access.o
                0x00001678                memory_2_ram
 .text.ram_2_memory
                0x00001698       0x20 src/ASF/common/services/storage/ctrl_access/ctrl_access.o
                0x00001698                ram_2_memory
 .text.cpu_irq_enter_critical
                0x000016b8       0x40 src/ASF/common/utils/interrupt/interrupt_sam_nvic.o
                0x000016b8                cpu_irq_enter_critical
 .text.cpu_irq_leave_critical
                0x000016f8       0x30 src/ASF/common/utils/interrupt/interrupt_sam_nvic.o
                0x000016f8                cpu_irq_leave_critical
 .text.port_pin_set_config
                0x00001728       0x24 src/ASF/sam0/drivers/port/port.o
                0x00001728                port_pin_set_config
 .text.rtc_calendar_enable
                0x0000174c       0x14 src/ASF/sam0/drivers/rtc/rtc_sam_d_r_h/rtc_calendar.o
                0x0000174c                rtc_calendar_enable
 .text.rtc_calendar_disable
                0x00001760       0x1a src/ASF/sam0/drivers/rtc/rtc_sam_d_r_h/rtc_calendar.o
                0x00001760                rtc_calendar_disable
 *fill*         0x0000177a        0x2 
 .text.rtc_calendar_reset
                0x0000177c       0x24 src/ASF/sam0/drivers/rtc/rtc_sam_d_r_h/rtc_calendar.o
                0x0000177c                rtc_calendar_reset
 .text.rtc_calendar_time_to_register_value
                0x000017a0       0x3a src/ASF/sam0/drivers/rtc/rtc_sam_d_r_h/rtc_calendar.o
                0x000017a0                rtc_calendar_time_to_register_value
 .text.rtc_calendar_register_value_to_time
                0x000017da       0x3e src/ASF/sam0/drivers/rtc/rtc_sam_d_r_h/rtc_calendar.o
                0x000017da                rtc_calendar_register_value_to_time
 .text.rtc_calendar_get_time
                0x00001818       0x48 src/ASF/sam0/drivers/rtc/rtc_sam_d_r_h/rtc_calendar.o
                0x00001818                rtc_calendar_get_time
 .text.rtc_calendar_set_alarm
                0x00001860       0x30 src/ASF/sam0/drivers/rtc/rtc_sam_d_r_h/rtc_calendar.o
                0x00001860                rtc_calendar_set_alarm
 .text.rtc_calendar_init
                0x00001890       0x94 src/ASF/sam0/drivers/rtc/rtc_sam_d_r_h/rtc_calendar.o
                0x00001890                rtc_calendar_init
 .text.long_division
                0x00001924       0xba src/ASF/sam0/drivers/sercom/sercom.o
 .text._sercom_get_sync_baud_val
                0x000019de       0x28 src/ASF/sam0/drivers/sercom/sercom.o
                0x000019de                _sercom_get_sync_baud_val
 *fill*         0x00001a06        0x2 
 .text._sercom_get_async_baud_val
                0x00001a08       0x94 src/ASF/sam0/drivers/sercom/sercom.o
                0x00001a08                _sercom_get_async_baud_val
 .text.sercom_set_gclk_generator
                0x00001a9c       0x4c src/ASF/sam0/drivers/sercom/sercom.o
                0x00001a9c                sercom_set_gclk_generator
 .text._sercom_get_default_pad
                0x00001ae8      0x178 src/ASF/sam0/drivers/sercom/sercom.o
                0x00001ae8                _sercom_get_default_pad
 .text._sercom_get_sercom_inst_index
                0x00001c60       0x38 src/ASF/sam0/drivers/sercom/sercom.o
                0x00001c60                _sercom_get_sercom_inst_index
 .text._sercom_default_handler
                0x00001c98        0x2 src/ASF/sam0/drivers/sercom/sercom_interrupt.o
 *fill*         0x00001c9a        0x2 
 .text._sercom_set_handler
                0x00001c9c       0x3c src/ASF/sam0/drivers/sercom/sercom_interrupt.o
                0x00001c9c                _sercom_set_handler
 .text._sercom_get_interrupt_vector
                0x00001cd8       0x30 src/ASF/sam0/drivers/sercom/sercom_interrupt.o
                0x00001cd8                _sercom_get_interrupt_vector
 .text.SERCOM0_Handler
                0x00001d08       0x10 src/ASF/sam0/drivers/sercom/sercom_interrupt.o
                0x00001d08                SERCOM0_Handler
 .text.SERCOM1_Handler
                0x00001d18       0x10 src/ASF/sam0/drivers/sercom/sercom_interrupt.o
                0x00001d18                SERCOM1_Handler
 .text.SERCOM2_Handler
                0x00001d28       0x10 src/ASF/sam0/drivers/sercom/sercom_interrupt.o
                0x00001d28                SERCOM2_Handler
 .text.SERCOM3_Handler
                0x00001d38       0x10 src/ASF/sam0/drivers/sercom/sercom_interrupt.o
                0x00001d38                SERCOM3_Handler
 .text.SERCOM4_Handler
                0x00001d48       0x10 src/ASF/sam0/drivers/sercom/sercom_interrupt.o
                0x00001d48                SERCOM4_Handler
 .text.SERCOM5_Handler
                0x00001d58       0x10 src/ASF/sam0/drivers/sercom/sercom_interrupt.o
                0x00001d58                SERCOM5_Handler
 .text.spi_reset
                0x00001d68       0x4c src/ASF/sam0/drivers/sercom/spi/spi.o
                0x00001d68                spi_reset
 .text.spi_set_baudrate
                0x00001db4       0xb8 src/ASF/sam0/drivers/sercom/spi/spi.o
                0x00001db4                spi_set_baudrate
 .text.spi_init
                0x00001e6c      0x1d8 src/ASF/sam0/drivers/sercom/spi/spi.o
                0x00001e6c                spi_init
 .text.spi_read_buffer_wait
                0x00002044       0xd4 src/ASF/sam0/drivers/sercom/spi/spi.o
                0x00002044                spi_read_buffer_wait
 .text.spi_select_slave
                0x00002118       0xf4 src/ASF/sam0/drivers/sercom/spi/spi.o
                0x00002118                spi_select_slave
 .text.spi_write_buffer_wait
                0x0000220c       0xcc src/ASF/sam0/drivers/sercom/spi/spi.o
                0x0000220c                spi_write_buffer_wait
 .text._spi_interrupt_handler
                0x000022d8      0x1d0 src/ASF/sam0/drivers/sercom/spi/spi_interrupt.o
                0x000022d8                _spi_interrupt_handler
 .text.usart_init
                0x000024a8      0x344 src/ASF/sam0/drivers/sercom/usart/usart.o
                0x000024a8                usart_init
 .text.usart_write_wait
                0x000027ec       0x2c src/ASF/sam0/drivers/sercom/usart/usart.o
                0x000027ec                usart_write_wait
 .text.usart_read_wait
                0x00002818       0x70 src/ASF/sam0/drivers/sercom/usart/usart.o
                0x00002818                usart_read_wait
 .text._usart_write_buffer
                0x00002888       0x3c src/ASF/sam0/drivers/sercom/usart/usart_interrupt.o
                0x00002888                _usart_write_buffer
 .text._usart_read_buffer
                0x000028c4       0x50 src/ASF/sam0/drivers/sercom/usart/usart_interrupt.o
                0x000028c4                _usart_read_buffer
 .text.usart_register_callback
                0x00002914       0x18 src/ASF/sam0/drivers/sercom/usart/usart_interrupt.o
                0x00002914                usart_register_callback
 .text.usart_write_buffer_job
                0x0000292c       0x20 src/ASF/sam0/drivers/sercom/usart/usart_interrupt.o
                0x0000292c                usart_write_buffer_job
 .text.usart_read_buffer_job
                0x0000294c       0x20 src/ASF/sam0/drivers/sercom/usart/usart_interrupt.o
                0x0000294c                usart_read_buffer_job
 .text.usart_get_job_status
                0x0000296c       0x1c src/ASF/sam0/drivers/sercom/usart/usart_interrupt.o
                0x0000296c                usart_get_job_status
 .text._usart_interrupt_handler
                0x00002988      0x194 src/ASF/sam0/drivers/sercom/usart/usart_interrupt.o
                0x00002988                _usart_interrupt_handler
 .text.system_clock_source_get_hz
                0x00002b1c       0x94 src/ASF/sam0/drivers/system/clock/clock_samd21_r21_da_ha1/clock.o
                0x00002b1c                system_clock_source_get_hz
 .text.system_clock_source_osc8m_set_config
                0x00002bb0       0x3c src/ASF/sam0/drivers/system/clock/clock_samd21_r21_da_ha1/clock.o
                0x00002bb0                system_clock_source_osc8m_set_config
 .text.system_clock_source_xosc32k_set_config
                0x00002bec       0xb8 src/ASF/sam0/drivers/system/clock/clock_samd21_r21_da_ha1/clock.o
                0x00002bec                system_clock_source_xosc32k_set_config
 .text.system_clock_source_dfll_set_config
                0x00002ca4       0x80 src/ASF/sam0/drivers/system/clock/clock_samd21_r21_da_ha1/clock.o
                0x00002ca4                system_clock_source_dfll_set_config
 .text.system_clock_source_enable
                0x00002d24       0xa8 src/ASF/sam0/drivers/system/clock/clock_samd21_r21_da_ha1/clock.o
                0x00002d24                system_clock_source_enable
 .text.system_clock_init
                0x00002dcc      0x154 src/ASF/sam0/drivers/system/clock/clock_samd21_r21_da_ha1/clock.o
                0x00002dcc                system_clock_init
 .text.system_gclk_init
                0x00002f20       0x24 src/ASF/sam0/drivers/system/clock/clock_samd21_r21_da_ha1/gclk.o
                0x00002f20                system_gclk_init
 .text.system_gclk_gen_set_config
                0x00002f44       0xb8 src/ASF/sam0/drivers/system/clock/clock_samd21_r21_da_ha1/gclk.o
                0x00002f44                system_gclk_gen_set_config
 .text.system_gclk_gen_enable
                0x00002ffc       0x44 src/ASF/sam0/drivers/system/clock/clock_samd21_r21_da_ha1/gclk.o
                0x00002ffc                system_gclk_gen_enable
 .text.system_gclk_gen_get_hz
                0x00003040       0x8c src/ASF/sam0/drivers/system/clock/clock_samd21_r21_da_ha1/gclk.o
                0x00003040                system_gclk_gen_get_hz
 .text.system_gclk_chan_enable
                0x000030cc       0x30 src/ASF/sam0/drivers/system/clock/clock_samd21_r21_da_ha1/gclk.o
                0x000030cc                system_gclk_chan_enable
 .text.system_gclk_chan_disable
                0x000030fc       0x5c src/ASF/sam0/drivers/system/clock/clock_samd21_r21_da_ha1/gclk.o
                0x000030fc                system_gclk_chan_disable
 .text.system_gclk_chan_set_config
                0x00003158       0x1c src/ASF/sam0/drivers/system/clock/clock_samd21_r21_da_ha1/gclk.o
                0x00003158                system_gclk_chan_set_config
 .text.system_gclk_chan_get_hz
                0x00003174       0x34 src/ASF/sam0/drivers/system/clock/clock_samd21_r21_da_ha1/gclk.o
                0x00003174                system_gclk_chan_get_hz
 .text._system_pinmux_config
                0x000031a8       0xa8 src/ASF/sam0/drivers/system/pinmux/pinmux.o
 .text.system_pinmux_pin_set_config
                0x00003250       0x30 src/ASF/sam0/drivers/system/pinmux/pinmux.o
                0x00003250                system_pinmux_pin_set_config
 .text._system_dummy_init
                0x00003280        0x2 src/ASF/sam0/drivers/system/system.o
                0x00003280                _system_extint_init
                0x00003280                _system_events_init
                0x00003280                _system_dummy_init
                0x00003280                _system_divas_init
 *fill*         0x00003282        0x2 
 .text.system_init
                0x00003284       0x2c src/ASF/sam0/drivers/system/system.o
                0x00003284                system_init
 .text.Dummy_Handler
                0x000032b0        0x2 src/ASF/sam0/utils/cmsis/samd21/source/gcc/startup_samd21.o
                0x000032b0                DMAC_Handler
                0x000032b0                HardFault_Handler
                0x000032b0                AC_Handler
                0x000032b0                SysTick_Handler
                0x000032b0                PendSV_Handler
                0x000032b0                NMI_Handler
                0x000032b0                ADC_Handler
                0x000032b0                TCC1_Handler
                0x000032b0                TCC0_Handler
                0x000032b0                RTC_Handler
                0x000032b0                EIC_Handler
                0x000032b0                WDT_Handler
                0x000032b0                TC4_Handler
                0x000032b0                USB_Handler
                0x000032b0                TC3_Handler
                0x000032b0                Dummy_Handler
                0x000032b0                PM_Handler
                0x000032b0                SVC_Handler
                0x000032b0                TCC2_Handler
                0x000032b0                EVSYS_Handler
                0x000032b0                I2S_Handler
                0x000032b0                NVMCTRL_Handler
                0x000032b0                DAC_Handler
                0x000032b0                PTC_Handler
                0x000032b0                TC5_Handler
                0x000032b0                SYSCTRL_Handler
 *fill*         0x000032b2        0x2 
 .text.Reset_Handler
                0x000032b4       0xe4 src/ASF/sam0/utils/cmsis/samd21/source/gcc/startup_samd21.o
                0x000032b4                Reset_Handler
 .text._read    0x00003398       0x44 src/ASF/sam0/utils/stdio/read.o
                0x00003398                _read
 .text._write   0x000033dc       0x50 src/ASF/sam0/utils/stdio/write.o
                0x000033dc                _write
 .text._sbrk    0x0000342c       0x24 src/ASF/sam0/utils/syscalls/gcc/syscalls.o
                0x0000342c                _sbrk
 .text._close   0x00003450        0x6 src/ASF/sam0/utils/syscalls/gcc/syscalls.o
                0x00003450                _close
 .text._fstat   0x00003456        0xa src/ASF/sam0/utils/syscalls/gcc/syscalls.o
                0x00003456                _fstat
 .text._lseek   0x00003460        0x4 src/ASF/sam0/utils/syscalls/gcc/syscalls.o
                0x00003460                _lseek
 .text.disk_initialize
                0x00003464       0x9c src/ASF/thirdparty/fatfs/fatfs-port-r0.09/diskio.o
                0x00003464                disk_initialize
 .text.disk_status
                0x00003500       0x1c src/ASF/thirdparty/fatfs/fatfs-port-r0.09/diskio.o
                0x00003500                disk_status
 .text.disk_read
                0x0000351c       0x84 src/ASF/thirdparty/fatfs/fatfs-port-r0.09/diskio.o
                0x0000351c                disk_read
 .text.disk_write
                0x000035a0       0x84 src/ASF/thirdparty/fatfs/fatfs-port-r0.09/diskio.o
                0x000035a0                disk_write
 .text.disk_ioctl
                0x00003624       0x6c src/ASF/thirdparty/fatfs/fatfs-port-r0.09/diskio.o
                0x00003624                disk_ioctl
 .text.get_fattime
                0x00003690       0x50 src/ASF/thirdparty/fatfs/fatfs-port-r0.09/sam0/fattime_rtc.o
                0x00003690                get_fattime
 .text.mem_cpy  0x000036e0       0x14 src/ASF/thirdparty/fatfs/fatfs-r0.09/src/ff.o
 .text.mem_set  0x000036f4       0x12 src/ASF/thirdparty/fatfs/fatfs-r0.09/src/ff.o
 .text.clust2sect
                0x00003706       0x18 src/ASF/thirdparty/fatfs/fatfs-r0.09/src/ff.o
 .text.sum_sfn  0x0000371e       0x1c src/ASF/thirdparty/fatfs/fatfs-r0.09/src/ff.o
 *fill*         0x0000373a        0x2 
 .text.validate
                0x0000373c       0x30 src/ASF/thirdparty/fatfs/fatfs-r0.09/src/ff.o
 .text.check_fs
                0x0000376c       0xa4 src/ASF/thirdparty/fatfs/fatfs-r0.09/src/ff.o
 .text.chk_mounted
                0x00003810      0x3b0 src/ASF/thirdparty/fatfs/fatfs-r0.09/src/ff.o
 .text.move_window
                0x00003bc0       0xa0 src/ASF/thirdparty/fatfs/fatfs-r0.09/src/ff.o
 .text.get_fat  0x00003c60       0xfc src/ASF/thirdparty/fatfs/fatfs-r0.09/src/ff.o
 .text.dir_sdi  0x00003d5c       0xa8 src/ASF/thirdparty/fatfs/fatfs-r0.09/src/ff.o
 .text.put_fat  0x00003e04      0x138 src/ASF/thirdparty/fatfs/fatfs-r0.09/src/ff.o
 .text.create_chain
                0x00003f3c       0xc4 src/ASF/thirdparty/fatfs/fatfs-r0.09/src/ff.o
 .text.remove_chain
                0x00004000       0x78 src/ASF/thirdparty/fatfs/fatfs-r0.09/src/ff.o
 .text.dir_next
                0x00004078      0x124 src/ASF/thirdparty/fatfs/fatfs-r0.09/src/ff.o
 .text.dir_find
                0x0000419c      0x198 src/ASF/thirdparty/fatfs/fatfs-r0.09/src/ff.o
 .text.dir_register
                0x00004334      0x2e4 src/ASF/thirdparty/fatfs/fatfs-r0.09/src/ff.o
 .text.sync     0x00004618       0xf4 src/ASF/thirdparty/fatfs/fatfs-r0.09/src/ff.o
 .text.follow_path
                0x0000470c      0x344 src/ASF/thirdparty/fatfs/fatfs-r0.09/src/ff.o
 .text.f_mount  0x00004a50       0x30 src/ASF/thirdparty/fatfs/fatfs-r0.09/src/ff.o
                0x00004a50                f_mount
 .text.f_open   0x00004a80      0x188 src/ASF/thirdparty/fatfs/fatfs-r0.09/src/ff.o
                0x00004a80                f_open
 .text.f_write  0x00004c08      0x238 src/ASF/thirdparty/fatfs/fatfs-r0.09/src/ff.o
                0x00004c08                f_write
 .text.f_sync   0x00004e40       0x8c src/ASF/thirdparty/fatfs/fatfs-r0.09/src/ff.o
                0x00004e40                f_sync
 .text.f_close  0x00004ecc       0x18 src/ASF/thirdparty/fatfs/fatfs-r0.09/src/ff.o
                0x00004ecc                f_close
 .text.f_putc   0x00004ee4       0x2c src/ASF/thirdparty/fatfs/fatfs-r0.09/src/ff.o
                0x00004ee4                f_putc
 .text.f_puts   0x00004f10       0x2c src/ASF/thirdparty/fatfs/fatfs-r0.09/src/ff.o
                0x00004f10                f_puts
 .text.ff_convert
                0x00004f3c       0x48 src/ASF/thirdparty/fatfs/fatfs-r0.09/src/option/ccsbcs.o
                0x00004f3c                ff_convert
 .text.ff_wtoupper
                0x00004f84       0x3c src/ASF/thirdparty/fatfs/fatfs-r0.09/src/option/ccsbcs.o
                0x00004f84                ff_wtoupper
 .text.main     0x00004fc0      0x1dc src/example.o
                0x00004fc0                main
 .text          0x0000519c      0x114 c:/program files (x86)/atmel/studio/7.0/toolchain/arm/arm-gnu-toolchain/bin/../lib/gcc/arm-none-eabi/6.3.1/thumb/v6-m\libgcc.a(_udivsi3.o)
                0x0000519c                __aeabi_uidiv
                0x0000519c                __udivsi3
                0x000052a8                __aeabi_uidivmod
 .text          0x000052b0      0x1d4 c:/program files (x86)/atmel/studio/7.0/toolchain/arm/arm-gnu-toolchain/bin/../lib/gcc/arm-none-eabi/6.3.1/thumb/v6-m\libgcc.a(_divsi3.o)
                0x000052b0                __divsi3
                0x000052b0                __aeabi_idiv
                0x0000547c                __aeabi_idivmod
 .text          0x00005484        0x4 c:/program files (x86)/atmel/studio/7.0/toolchain/arm/arm-gnu-toolchain/bin/../lib/gcc/arm-none-eabi/6.3.1/thumb/v6-m\libgcc.a(_dvmd_tls.o)
                0x00005484                __aeabi_idiv0
                0x00005484                __aeabi_ldiv0
 .text          0x00005488       0x54 c:/program files (x86)/atmel/studio/7.0/toolchain/arm/arm-gnu-toolchain/bin/../lib/gcc/arm-none-eabi/6.3.1/thumb/v6-m\libgcc.a(_muldi3.o)
                0x00005488                __muldi3
                0x00005488                __aeabi_lmul
 .text.__libc_init_array
                0x000054dc       0x48 c:/program files (x86)/atmel/studio/7.0/toolchain/arm/arm-gnu-toolchain/bin/../lib/gcc/arm-none-eabi/6.3.1/../../../../arm-none-eabi/lib/thumb/v6-m\libc_nano.a(lib_a-init.o)
                0x000054dc                __libc_init_array
 .text.malloc   0x00005524       0x14 c:/program files (x86)/atmel/studio/7.0/toolchain/arm/arm-gnu-toolchain/bin/../lib/gcc/arm-none-eabi/6.3.1/../../../../arm-none-eabi/lib/thumb/v6-m\libc_nano.a(lib_a-malloc.o)
                0x00005524                malloc
 .text.memset   0x00005538       0x10 c:/program files (x86)/atmel/studio/7.0/toolchain/arm/arm-gnu-toolchain/bin/../lib/gcc/arm-none-eabi/6.3.1/../../../../arm-none-eabi/lib/thumb/v6-m\libc_nano.a(lib_a-memset.o)
                0x00005538                memset
 .text._free_r  0x00005548       0x94 c:/program files (x86)/atmel/studio/7.0/toolchain/arm/arm-gnu-toolchain/bin/../lib/gcc/arm-none-eabi/6.3.1/../../../../arm-none-eabi/lib/thumb/v6-m\libc_nano.a(lib_a-nano-freer.o)
                0x00005548                _free_r
 .text._malloc_r
                0x000055dc       0xbc c:/program files (x86)/atmel/studio/7.0/toolchain/arm/arm-gnu-toolchain/bin/../lib/gcc/arm-none-eabi/6.3.1/../../../../arm-none-eabi/lib/thumb/v6-m\libc_nano.a(lib_a-nano-mallocr.o)
                0x000055dc                _malloc_r
 .text._sbrk_r  0x00005698       0x24 c:/program files (x86)/atmel/studio/7.0/toolchain/arm/arm-gnu-toolchain/bin/../lib/gcc/arm-none-eabi/6.3.1/../../../../arm-none-eabi/lib/thumb/v6-m\libc_nano.a(lib_a-sbrkr.o)
                0x00005698                _sbrk_r
 .text.setbuf   0x000056bc       0x12 c:/program files (x86)/atmel/studio/7.0/toolchain/arm/arm-gnu-toolchain/bin/../lib/gcc/arm-none-eabi/6.3.1/../../../../arm-none-eabi/lib/thumb/v6-m\libc_nano.a(lib_a-setbuf.o)
                0x000056bc                setbuf
 *fill*         0x000056ce        0x2 
 .text.setvbuf  0x000056d0      0x158 c:/program files (x86)/atmel/studio/7.0/toolchain/arm/arm-gnu-toolchain/bin/../lib/gcc/arm-none-eabi/6.3.1/../../../../arm-none-eabi/lib/thumb/v6-m\libc_nano.a(lib_a-setvbuf.o)
                0x000056d0                setvbuf
 .text          0x00005828        0xe c:/program files (x86)/atmel/studio/7.0/toolchain/arm/arm-gnu-toolchain/bin/../lib/gcc/arm-none-eabi/6.3.1/../../../../arm-none-eabi/lib/thumb/v6-m\libc_nano.a(lib_a-strlen.o)
                0x00005828                strlen
 *fill*         0x00005836        0x2 
 .text.__sflush_r
                0x00005838      0x114 c:/program files (x86)/atmel/studio/7.0/toolchain/arm/arm-gnu-toolchain/bin/../lib/gcc/arm-none-eabi/6.3.1/../../../../arm-none-eabi/lib/thumb/v6-m\libc_nano.a(lib_a-fflush.o)
                0x00005838                __sflush_r
 .text._fflush_r
                0x0000594c       0x58 c:/program files (x86)/atmel/studio/7.0/toolchain/arm/arm-gnu-toolchain/bin/../lib/gcc/arm-none-eabi/6.3.1/../../../../arm-none-eabi/lib/thumb/v6-m\libc_nano.a(lib_a-fflush.o)
                0x0000594c                _fflush_r
 .text._cleanup_r
                0x000059a4       0x10 c:/program files (x86)/atmel/studio/7.0/toolchain/arm/arm-gnu-toolchain/bin/../lib/gcc/arm-none-eabi/6.3.1/../../../../arm-none-eabi/lib/thumb/v6-m\libc_nano.a(lib_a-findfp.o)
                0x000059a4                _cleanup_r
 .text.std.isra.0
                0x000059b4       0x48 c:/program files (x86)/atmel/studio/7.0/toolchain/arm/arm-gnu-toolchain/bin/../lib/gcc/arm-none-eabi/6.3.1/../../../../arm-none-eabi/lib/thumb/v6-m\libc_nano.a(lib_a-findfp.o)
 .text.__sfmoreglue
                0x000059fc       0x2c c:/program files (x86)/atmel/studio/7.0/toolchain/arm/arm-gnu-toolchain/bin/../lib/gcc/arm-none-eabi/6.3.1/../../../../arm-none-eabi/lib/thumb/v6-m\libc_nano.a(lib_a-findfp.o)
                0x000059fc                __sfmoreglue
 .text.__sinit  0x00005a28       0x68 c:/program files (x86)/atmel/studio/7.0/toolchain/arm/arm-gnu-toolchain/bin/../lib/gcc/arm-none-eabi/6.3.1/../../../../arm-none-eabi/lib/thumb/v6-m\libc_nano.a(lib_a-findfp.o)
                0x00005a28                __sinit
 .text.__sfp    0x00005a90       0x80 c:/program files (x86)/atmel/studio/7.0/toolchain/arm/arm-gnu-toolchain/bin/../lib/gcc/arm-none-eabi/6.3.1/../../../../arm-none-eabi/lib/thumb/v6-m\libc_nano.a(lib_a-findfp.o)
                0x00005a90                __sfp
 .text._fwalk_reent
                0x00005b10       0x42 c:/program files (x86)/atmel/studio/7.0/toolchain/arm/arm-gnu-toolchain/bin/../lib/gcc/arm-none-eabi/6.3.1/../../../../arm-none-eabi/lib/thumb/v6-m\libc_nano.a(lib_a-fwalk.o)
                0x00005b10                _fwalk_reent
 *fill*         0x00005b52        0x2 
 .text.__swhatbuf_r
                0x00005b54       0x50 c:/program files (x86)/atmel/studio/7.0/toolchain/arm/arm-gnu-toolchain/bin/../lib/gcc/arm-none-eabi/6.3.1/../../../../arm-none-eabi/lib/thumb/v6-m\libc_nano.a(lib_a-makebuf.o)
                0x00005b54                __swhatbuf_r
 .text.__malloc_lock
                0x00005ba4        0x2 c:/program files (x86)/atmel/studio/7.0/toolchain/arm/arm-gnu-toolchain/bin/../lib/gcc/arm-none-eabi/6.3.1/../../../../arm-none-eabi/lib/thumb/v6-m\libc_nano.a(lib_a-mlock.o)
                0x00005ba4                __malloc_lock
 .text.__malloc_unlock
                0x00005ba6        0x2 c:/program files (x86)/atmel/studio/7.0/toolchain/arm/arm-gnu-toolchain/bin/../lib/gcc/arm-none-eabi/6.3.1/../../../../arm-none-eabi/lib/thumb/v6-m\libc_nano.a(lib_a-mlock.o)
                0x00005ba6                __malloc_unlock
 .text.__sread  0x00005ba8       0x28 c:/program files (x86)/atmel/studio/7.0/toolchain/arm/arm-gnu-toolchain/bin/../lib/gcc/arm-none-eabi/6.3.1/../../../../arm-none-eabi/lib/thumb/v6-m\libc_nano.a(lib_a-stdio.o)
                0x00005ba8                __sread
 .text.__swrite
                0x00005bd0       0x38 c:/program files (x86)/atmel/studio/7.0/toolchain/arm/arm-gnu-toolchain/bin/../lib/gcc/arm-none-eabi/6.3.1/../../../../arm-none-eabi/lib/thumb/v6-m\libc_nano.a(lib_a-stdio.o)
                0x00005bd0                __swrite
 .text.__sseek  0x00005c08       0x2c c:/program files (x86)/atmel/studio/7.0/toolchain/arm/arm-gnu-toolchain/bin/../lib/gcc/arm-none-eabi/6.3.1/../../../../arm-none-eabi/lib/thumb/v6-m\libc_nano.a(lib_a-stdio.o)
                0x00005c08                __sseek
 .text.__sclose
                0x00005c34        0xc c:/program files (x86)/atmel/studio/7.0/toolchain/arm/arm-gnu-toolchain/bin/../lib/gcc/arm-none-eabi/6.3.1/../../../../arm-none-eabi/lib/thumb/v6-m\libc_nano.a(lib_a-stdio.o)
                0x00005c34                __sclose
 .text._write_r
                0x00005c40       0x28 c:/program files (x86)/atmel/studio/7.0/toolchain/arm/arm-gnu-toolchain/bin/../lib/gcc/arm-none-eabi/6.3.1/../../../../arm-none-eabi/lib/thumb/v6-m\libc_nano.a(lib_a-writer.o)
                0x00005c40                _write_r
 .text._close_r
                0x00005c68       0x24 c:/program files (x86)/atmel/studio/7.0/toolchain/arm/arm-gnu-toolchain/bin/../lib/gcc/arm-none-eabi/6.3.1/../../../../arm-none-eabi/lib/thumb/v6-m\libc_nano.a(lib_a-closer.o)
                0x00005c68                _close_r
 .text._fstat_r
                0x00005c8c       0x24 c:/program files (x86)/atmel/studio/7.0/toolchain/arm/arm-gnu-toolchain/bin/../lib/gcc/arm-none-eabi/6.3.1/../../../../arm-none-eabi/lib/thumb/v6-m\libc_nano.a(lib_a-fstatr.o)
                0x00005c8c                _fstat_r
 .text._lseek_r
                0x00005cb0       0x28 c:/program files (x86)/atmel/studio/7.0/toolchain/arm/arm-gnu-toolchain/bin/../lib/gcc/arm-none-eabi/6.3.1/../../../../arm-none-eabi/lib/thumb/v6-m\libc_nano.a(lib_a-lseekr.o)
                0x00005cb0                _lseek_r
 .text._read_r  0x00005cd8       0x28 c:/program files (x86)/atmel/studio/7.0/toolchain/arm/arm-gnu-toolchain/bin/../lib/gcc/arm-none-eabi/6.3.1/../../../../arm-none-eabi/lib/thumb/v6-m\libc_nano.a(lib_a-readr.o)
                0x00005cd8                _read_r
 *(.glue_7t)
 .glue_7t       0x00005d00        0x0 linker stubs
 *(.glue_7)
 .glue_7        0x00005d00        0x0 linker stubs
 *(.rodata .rodata* .gnu.linkonce.r.*)
 .rodata.mmc_trans_multipliers
                0x00005d00       0x40 src/ASF/common2/components/memory/sd_mmc/sd_mmc.o
                0x00005d00                mmc_trans_multipliers
 .rodata.sd_mmc_trans_units
                0x00005d40       0x1c src/ASF/common2/components/memory/sd_mmc/sd_mmc.o
                0x00005d40                sd_mmc_trans_units
 .rodata.sd_trans_multipliers
                0x00005d5c       0x40 src/ASF/common2/components/memory/sd_mmc/sd_mmc.o
                0x00005d5c                sd_trans_multipliers
 .rodata        0x00005d9c       0x18 src/ASF/sam0/drivers/sercom/sercom.o
 .rodata.system_clock_source_get_hz
                0x00005db4       0x24 src/ASF/sam0/drivers/system/clock/clock_samd21_r21_da_ha1/clock.o
 .rodata.system_clock_source_enable
                0x00005dd8       0x24 src/ASF/sam0/drivers/system/clock/clock_samd21_r21_da_ha1/clock.o
 .rodata.LfnOfs
                0x00005dfc        0xd src/ASF/thirdparty/fatfs/fatfs-r0.09/src/ff.o
 *fill*         0x00005e09        0x3 
 .rodata.excvt.4558
                0x00005e0c       0x80 src/ASF/thirdparty/fatfs/fatfs-r0.09/src/ff.o
 .rodata.follow_path.str1.4
                0x00005e8c       0x13 src/ASF/thirdparty/fatfs/fatfs-r0.09/src/ff.o
 *fill*         0x00005e9f        0x1 
 .rodata.Tbl    0x00005ea0      0x100 src/ASF/thirdparty/fatfs/fatfs-r0.09/src/option/ccsbcs.o
 .rodata.tbl_lower.4308
                0x00005fa0      0x1e0 src/ASF/thirdparty/fatfs/fatfs-r0.09/src/option/ccsbcs.o
 .rodata.tbl_upper.4309
                0x00006180      0x1e0 src/ASF/thirdparty/fatfs/fatfs-r0.09/src/option/ccsbcs.o
 .rodata.main.str1.4
                0x00006360      0x1a0 src/example.o
                                0x19e (size before relaxing)
 .rodata._global_impure_ptr
                0x00006500        0x4 c:/program files (x86)/atmel/studio/7.0/toolchain/arm/arm-gnu-toolchain/bin/../lib/gcc/arm-none-eabi/6.3.1/../../../../arm-none-eabi/lib/thumb/v6-m\libc_nano.a(lib_a-impure.o)
                0x00006500                _global_impure_ptr
 .rodata.__sf_fake_stderr
                0x00006504       0x20 c:/program files (x86)/atmel/studio/7.0/toolchain/arm/arm-gnu-toolchain/bin/../lib/gcc/arm-none-eabi/6.3.1/../../../../arm-none-eabi/lib/thumb/v6-m\libc_nano.a(lib_a-findfp.o)
                0x00006504                __sf_fake_stderr
 .rodata.__sf_fake_stdin
                0x00006524       0x20 c:/program files (x86)/atmel/studio/7.0/toolchain/arm/arm-gnu-toolchain/bin/../lib/gcc/arm-none-eabi/6.3.1/../../../../arm-none-eabi/lib/thumb/v6-m\libc_nano.a(lib_a-findfp.o)
                0x00006524                __sf_fake_stdin
 .rodata.__sf_fake_stdout
                0x00006544       0x20 c:/program files (x86)/atmel/studio/7.0/toolchain/arm/arm-gnu-toolchain/bin/../lib/gcc/arm-none-eabi/6.3.1/../../../../arm-none-eabi/lib/thumb/v6-m\libc_nano.a(lib_a-findfp.o)
                0x00006544                __sf_fake_stdout
 *(.ARM.extab* .gnu.linkonce.armextab.*)
                0x00006564                . = ALIGN (0x4)
 *(.init)
 .init          0x00006564        0x4 c:/program files (x86)/atmel/studio/7.0/toolchain/arm/arm-gnu-toolchain/bin/../lib/gcc/arm-none-eabi/6.3.1/thumb/v6-m/crti.o
                0x00006564                _init
 .init          0x00006568        0x8 c:/program files (x86)/atmel/studio/7.0/toolchain/arm/arm-gnu-toolchain/bin/../lib/gcc/arm-none-eabi/6.3.1/thumb/v6-m/crtn.o
                0x00006570                . = ALIGN (0x4)
                0x00006570                __preinit_array_start = .
 *(.preinit_array)
                0x00006570                __preinit_array_end = .
                0x00006570                . = ALIGN (0x4)
                0x00006570                __init_array_start = .
 *(SORT(.init_array.*))
 *(.init_array)
 .init_array    0x00006570        0x4 c:/program files (x86)/atmel/studio/7.0/toolchain/arm/arm-gnu-toolchain/bin/../lib/gcc/arm-none-eabi/6.3.1/thumb/v6-m/crtbegin.o
                0x00006574                __init_array_end = .
                0x00006574                . = ALIGN (0x4)
 *crtbegin.o(.ctors)
 *(EXCLUDE_FILE(*crtend.o) .ctors)
 *(SORT(.ctors.*))
 *crtend.o(.ctors)
                0x00006574                . = ALIGN (0x4)
 *(.fini)
 .fini          0x00006574        0x4 c:/program files (x86)/atmel/studio/7.0/toolchain/arm/arm-gnu-toolchain/bin/../lib/gcc/arm-none-eabi/6.3.1/thumb/v6-m/crti.o
                0x00006574                _fini
 .fini          0x00006578        0x8 c:/program files (x86)/atmel/studio/7.0/toolchain/arm/arm-gnu-toolchain/bin/../lib/gcc/arm-none-eabi/6.3.1/thumb/v6-m/crtn.o
                0x00006580                . = ALIGN (0x4)
                0x00006580                __fini_array_start = .
 *(.fini_array)
 .fini_array    0x00006580        0x4 c:/program files (x86)/atmel/studio/7.0/toolchain/arm/arm-gnu-toolchain/bin/../lib/gcc/arm-none-eabi/6.3.1/thumb/v6-m/crtbegin.o
 *(SORT(.fini_array.*))
                0x00006584                __fini_array_end = .
 *crtbegin.o(.dtors)
 *(EXCLUDE_FILE(*crtend.o) .dtors)
 *(SORT(.dtors.*))
 *crtend.o(.dtors)
                0x00006584                . = ALIGN (0x4)
                0x00006584                _efixed = .
                [!provide]                PROVIDE (__exidx_start, .)

.vfp11_veneer   0x00006584        0x0
 .vfp11_veneer  0x00006584        0x0 linker stubs

.v4_bx          0x00006584        0x0
 .v4_bx         0x00006584        0x0 linker stubs

.iplt           0x00006584        0x0
 .iplt          0x00006584        0x0 c:/program files (x86)/atmel/studio/7.0/toolchain/arm/arm-gnu-toolchain/bin/../lib/gcc/arm-none-eabi/6.3.1/thumb/v6-m/crtbegin.o

.eh_frame       0x00006584        0x0
 .eh_frame      0x00006584        0x0 c:/program files (x86)/atmel/studio/7.0/toolchain/arm/arm-gnu-toolchain/bin/../lib/gcc/arm-none-eabi/6.3.1/thumb/v6-m/crtbegin.o

.rel.dyn        0x00006584        0x0
 .rel.iplt      0x00006584        0x0 c:/program files (x86)/atmel/studio/7.0/toolchain/arm/arm-gnu-toolchain/bin/../lib/gcc/arm-none-eabi/6.3.1/thumb/v6-m/crtbegin.o

.jcr            0x00006584        0x0
 .jcr           0x00006584        0x0 c:/program files (x86)/atmel/studio/7.0/toolchain/arm/arm-gnu-toolchain/bin/../lib/gcc/arm-none-eabi/6.3.1/thumb/v6-m/crtbegin.o

.igot.plt       0x00006584        0x0
 .igot.plt      0x00006584        0x0 c:/program files (x86)/atmel/studio/7.0/toolchain/arm/arm-gnu-toolchain/bin/../lib/gcc/arm-none-eabi/6.3.1/thumb/v6-m/crtbegin.o

.ARM.exidx
 *(.ARM.exidx* .gnu.linkonce.armexidx.*)
                [!provide]                PROVIDE (__exidx_end, .)
                0x00006584                . = ALIGN (0x4)
                0x00006584                _etext = .

.relocate       0x20000000       0x70 load address 0x00006584
                0x20000000                . = ALIGN (0x4)
                0x20000000                _srelocate = .
 *(.ramfunc .ramfunc.*)
 *(.data .data.*)
 .data.cycles_per_ms
                0x20000000        0x4 src/ASF/common2/services/delay/sam0/systick_counter.o
 .data.cycles_per_us
                0x20000004        0x4 src/ASF/common2/services/delay/sam0/systick_counter.o
 .data.ss_pins  0x20000008        0x1 src/ASF/common2/components/memory/sd_mmc/sd_mmc_spi.o
                0x20000008                ss_pins
 .data.g_interrupt_enabled
                0x20000009        0x1 src/ASF/common/utils/interrupt/interrupt_sam_nvic.o
                0x20000009                g_interrupt_enabled
 *fill*         0x2000000a        0x2 
 .data._impure_ptr
                0x2000000c        0x4 c:/program files (x86)/atmel/studio/7.0/toolchain/arm/arm-gnu-toolchain/bin/../lib/gcc/arm-none-eabi/6.3.1/../../../../arm-none-eabi/lib/thumb/v6-m\libc_nano.a(lib_a-impure.o)
                0x2000000c                _impure_ptr
 .data.impure_data
                0x20000010       0x60 c:/program files (x86)/atmel/studio/7.0/toolchain/arm/arm-gnu-toolchain/bin/../lib/gcc/arm-none-eabi/6.3.1/../../../../arm-none-eabi/lib/thumb/v6-m\libc_nano.a(lib_a-impure.o)
                0x20000070                . = ALIGN (0x4)
                0x20000070                _erelocate = .

.bss            0x20000070      0x988 load address 0x000065f4
                0x20000070                . = ALIGN (0x4)
                0x20000070                _sbss = .
                0x20000070                _szero = .
 *(.bss .bss.*)
 .bss           0x20000070       0x1c c:/program files (x86)/atmel/studio/7.0/toolchain/arm/arm-gnu-toolchain/bin/../lib/gcc/arm-none-eabi/6.3.1/thumb/v6-m/crtbegin.o
 .bss.sd_mmc_card
                0x2000008c        0x4 src/ASF/common2/components/memory/sd_mmc/sd_mmc.o
 .bss.sd_mmc_cards
                0x20000090       0x20 src/ASF/common2/components/memory/sd_mmc/sd_mmc.o
 .bss.sd_mmc_nb_block_remaining
                0x200000b0        0x2 src/ASF/common2/components/memory/sd_mmc/sd_mmc.o
 .bss.sd_mmc_nb_block_to_tranfer
                0x200000b2        0x2 src/ASF/common2/components/memory/sd_mmc/sd_mmc.o
 .bss.sd_mmc_slot_sel
                0x200000b4        0x1 src/ASF/common2/components/memory/sd_mmc/sd_mmc.o
 *fill*         0x200000b5        0x3 
 .bss.sd_mmc_ejected
                0x200000b8        0x2 src/ASF/common2/components/memory/sd_mmc/sd_mmc_mem.o
 *fill*         0x200000ba        0x2 
 .bss.sd_mmc_master
                0x200000bc       0x3c src/ASF/common2/components/memory/sd_mmc/sd_mmc_spi.o
 .bss.sd_mmc_spi_block_size
                0x200000f8        0x2 src/ASF/common2/components/memory/sd_mmc/sd_mmc_spi.o
 *fill*         0x200000fa        0x2 
 .bss.sd_mmc_spi_devices
                0x200000fc        0x3 src/ASF/common2/components/memory/sd_mmc/sd_mmc_spi.o
 .bss.sd_mmc_spi_err
                0x200000ff        0x1 src/ASF/common2/components/memory/sd_mmc/sd_mmc_spi.o
 .bss.sd_mmc_spi_nb_block
                0x20000100        0x2 src/ASF/common2/components/memory/sd_mmc/sd_mmc_spi.o
 *fill*         0x20000102        0x2 
 .bss.sd_mmc_spi_response_32
                0x20000104        0x4 src/ASF/common2/components/memory/sd_mmc/sd_mmc_spi.o
 .bss.sd_mmc_spi_transfert_pos
                0x20000108        0x4 src/ASF/common2/components/memory/sd_mmc/sd_mmc_spi.o
 .bss.slave_configs
                0x2000010c        0x3 src/ASF/common2/components/memory/sd_mmc/sd_mmc_spi.o
 *fill*         0x2000010f        0x1 
 .bss.cpu_irq_critical_section_counter
                0x20000110        0x4 src/ASF/common/utils/interrupt/interrupt_sam_nvic.o
 .bss.cpu_irq_prev_interrupt_state
                0x20000114        0x1 src/ASF/common/utils/interrupt/interrupt_sam_nvic.o
 *fill*         0x20000115        0x3 
 .bss._sercom_config
                0x20000118        0x2 src/ASF/sam0/drivers/sercom/sercom.o
 .bss._handler_table_initialized
                0x2000011a        0x1 src/ASF/sam0/drivers/sercom/sercom_interrupt.o
 *fill*         0x2000011b        0x1 
 .bss._sercom_interrupt_handlers
                0x2000011c       0x18 src/ASF/sam0/drivers/sercom/sercom_interrupt.o
 .bss._system_clock_inst
                0x20000134       0x18 src/ASF/sam0/drivers/system/clock/clock_samd21_r21_da_ha1/clock.o
 .bss.heap.5296
                0x2000014c        0x4 src/ASF/sam0/utils/syscalls/gcc/syscalls.o
 .bss.FatFs     0x20000150       0x20 src/ASF/thirdparty/fatfs/fatfs-r0.09/src/ff.o
 .bss.Fsid      0x20000170        0x2 src/ASF/thirdparty/fatfs/fatfs-r0.09/src/ff.o
 *fill*         0x20000172        0x2 
 .bss.__malloc_free_list
                0x20000174        0x4 c:/program files (x86)/atmel/studio/7.0/toolchain/arm/arm-gnu-toolchain/bin/../lib/gcc/arm-none-eabi/6.3.1/../../../../arm-none-eabi/lib/thumb/v6-m\libc_nano.a(lib_a-nano-mallocr.o)
                0x20000174                __malloc_free_list
 .bss.__malloc_sbrk_start
                0x20000178        0x4 c:/program files (x86)/atmel/studio/7.0/toolchain/arm/arm-gnu-toolchain/bin/../lib/gcc/arm-none-eabi/6.3.1/../../../../arm-none-eabi/lib/thumb/v6-m\libc_nano.a(lib_a-nano-mallocr.o)
                0x20000178                __malloc_sbrk_start
 *(COMMON)
 COMMON         0x2000017c      0x844 src/SerialConsole/SerialConsole.o
                0x2000017c                usart_instance
                0x200001b0                cbufRx
                0x200001b4                latestRx
                0x200001b8                txCharacterBuffer
                0x200005b8                rxCharacterBuffer
                0x200009b8                latestTx
                0x200009bc                cbufTx
 COMMON         0x200009c0        0x4 src/ASF/sam0/drivers/rtc/rtc_sam_d_r_h/rtc_calendar.o
                0x200009c0                _rtc_instance
 COMMON         0x200009c4       0x18 src/ASF/sam0/drivers/sercom/sercom_interrupt.o
                0x200009c4                _sercom_instances
 COMMON         0x200009dc        0x2 src/ASF/sam0/drivers/sercom/spi/spi_interrupt.o
                0x200009dc                dummy_write
 *fill*         0x200009de        0x2 
 COMMON         0x200009e0        0x4 src/ASF/sam0/utils/stdio/read.o
                0x200009e0                ptr_get
 COMMON         0x200009e4        0x8 src/ASF/sam0/utils/stdio/write.o
                0x200009e4                ptr_put
                0x200009e8                stdio_base
 COMMON         0x200009ec        0x8 src/ASF/thirdparty/fatfs/fatfs-port-r0.09/diskio.o
                0x200009ec                rtc_instance
 COMMON         0x200009f4        0x4 c:/program files (x86)/atmel/studio/7.0/toolchain/arm/arm-gnu-toolchain/bin/../lib/gcc/arm-none-eabi/6.3.1/../../../../arm-none-eabi/lib/thumb/v6-m\libc_nano.a(lib_a-reent.o)
                0x200009f4                errno
                0x200009f8                . = ALIGN (0x4)
                0x200009f8                _ebss = .
                0x200009f8                _ezero = .

.stack          0x200009f8     0x2000 load address 0x00006f7c
                0x200009f8                . = ALIGN (0x8)
                0x200009f8                _sstack = .
                0x200029f8                . = (. + STACK_SIZE)
 *fill*         0x200009f8     0x2000 
                0x200029f8                . = ALIGN (0x8)
                0x200029f8                _estack = .
                0x200029f8                . = ALIGN (0x4)
                0x200029f8                _end = .
OUTPUT(SD_MMC_bootloader_EXAMPLE_ESE516.elf elf32-littlearm)

.ARM.attributes
                0x00000000       0x28
 .ARM.attributes
                0x00000000       0x1e c:/program files (x86)/atmel/studio/7.0/toolchain/arm/arm-gnu-toolchain/bin/../lib/gcc/arm-none-eabi/6.3.1/thumb/v6-m/crti.o
 .ARM.attributes
                0x0000001e       0x2c c:/program files (x86)/atmel/studio/7.0/toolchain/arm/arm-gnu-toolchain/bin/../lib/gcc/arm-none-eabi/6.3.1/thumb/v6-m/crtbegin.o
 .ARM.attributes
                0x0000004a       0x32 src/ASF/common2/services/delay/sam0/systick_counter.o
 .ARM.attributes
                0x0000007c       0x32 src/ASF/sam0/boards/board_init.o
 .ARM.attributes
                0x000000ae       0x32 src/SerialConsole/circular_buffer.o
 .ARM.attributes
                0x000000e0       0x32 src/SerialConsole/SerialConsole.o
 .ARM.attributes
                0x00000112       0x32 src/ASF/common2/components/memory/sd_mmc/sd_mmc.o
 .ARM.attributes
                0x00000144       0x32 src/ASF/common2/components/memory/sd_mmc/sd_mmc_mem.o
 .ARM.attributes
                0x00000176       0x32 src/ASF/common2/components/memory/sd_mmc/sd_mmc_spi.o
 .ARM.attributes
                0x000001a8       0x32 src/ASF/common/services/storage/ctrl_access/ctrl_access.o
 .ARM.attributes
                0x000001da       0x32 src/ASF/common/utils/interrupt/interrupt_sam_nvic.o
 .ARM.attributes
                0x0000020c       0x32 src/ASF/sam0/drivers/port/port.o
 .ARM.attributes
                0x0000023e       0x32 src/ASF/sam0/drivers/rtc/rtc_sam_d_r_h/rtc_calendar.o
 .ARM.attributes
                0x00000270       0x32 src/ASF/sam0/drivers/sercom/sercom.o
 .ARM.attributes
                0x000002a2       0x32 src/ASF/sam0/drivers/sercom/sercom_interrupt.o
 .ARM.attributes
                0x000002d4       0x32 src/ASF/sam0/drivers/sercom/spi/spi.o
 .ARM.attributes
                0x00000306       0x32 src/ASF/sam0/drivers/sercom/spi/spi_interrupt.o
 .ARM.attributes
                0x00000338       0x32 src/ASF/sam0/drivers/sercom/usart/usart.o
 .ARM.attributes
                0x0000036a       0x32 src/ASF/sam0/drivers/sercom/usart/usart_interrupt.o
 .ARM.attributes
                0x0000039c       0x32 src/ASF/sam0/drivers/system/clock/clock_samd21_r21_da_ha1/clock.o
 .ARM.attributes
                0x000003ce       0x32 src/ASF/sam0/drivers/system/clock/clock_samd21_r21_da_ha1/gclk.o
 .ARM.attributes
                0x00000400       0x32 src/ASF/sam0/drivers/system/pinmux/pinmux.o
 .ARM.attributes
                0x00000432       0x32 src/ASF/sam0/drivers/system/system.o
 .ARM.attributes
                0x00000464       0x32 src/ASF/sam0/utils/cmsis/samd21/source/gcc/startup_samd21.o
 .ARM.attributes
                0x00000496       0x32 src/ASF/sam0/utils/stdio/read.o
 .ARM.attributes
                0x000004c8       0x32 src/ASF/sam0/utils/stdio/write.o
 .ARM.attributes
                0x000004fa       0x32 src/ASF/sam0/utils/syscalls/gcc/syscalls.o
 .ARM.attributes
                0x0000052c       0x32 src/ASF/thirdparty/fatfs/fatfs-port-r0.09/diskio.o
 .ARM.attributes
                0x0000055e       0x32 src/ASF/thirdparty/fatfs/fatfs-port-r0.09/sam0/fattime_rtc.o
 .ARM.attributes
                0x00000590       0x32 src/ASF/thirdparty/fatfs/fatfs-r0.09/src/ff.o
 .ARM.attributes
                0x000005c2       0x32 src/ASF/thirdparty/fatfs/fatfs-r0.09/src/option/ccsbcs.o
 .ARM.attributes
                0x000005f4       0x32 src/example.o
 .ARM.attributes
                0x00000626       0x1e c:/program files (x86)/atmel/studio/7.0/toolchain/arm/arm-gnu-toolchain/bin/../lib/gcc/arm-none-eabi/6.3.1/thumb/v6-m\libgcc.a(_udivsi3.o)
 .ARM.attributes
                0x00000644       0x1e c:/program files (x86)/atmel/studio/7.0/toolchain/arm/arm-gnu-toolchain/bin/../lib/gcc/arm-none-eabi/6.3.1/thumb/v6-m\libgcc.a(_divsi3.o)
 .ARM.attributes
                0x00000662       0x1e c:/program files (x86)/atmel/studio/7.0/toolchain/arm/arm-gnu-toolchain/bin/../lib/gcc/arm-none-eabi/6.3.1/thumb/v6-m\libgcc.a(_dvmd_tls.o)
 .ARM.attributes
                0x00000680       0x2c c:/program files (x86)/atmel/studio/7.0/toolchain/arm/arm-gnu-toolchain/bin/../lib/gcc/arm-none-eabi/6.3.1/thumb/v6-m\libgcc.a(_muldi3.o)
 .ARM.attributes
                0x000006ac       0x2c c:/program files (x86)/atmel/studio/7.0/toolchain/arm/arm-gnu-toolchain/bin/../lib/gcc/arm-none-eabi/6.3.1/../../../../arm-none-eabi/lib/thumb/v6-m\libc_nano.a(lib_a-impure.o)
 .ARM.attributes
                0x000006d8       0x2c c:/program files (x86)/atmel/studio/7.0/toolchain/arm/arm-gnu-toolchain/bin/../lib/gcc/arm-none-eabi/6.3.1/../../../../arm-none-eabi/lib/thumb/v6-m\libc_nano.a(lib_a-init.o)
 .ARM.attributes
                0x00000704       0x2c c:/program files (x86)/atmel/studio/7.0/toolchain/arm/arm-gnu-toolchain/bin/../lib/gcc/arm-none-eabi/6.3.1/../../../../arm-none-eabi/lib/thumb/v6-m\libc_nano.a(lib_a-malloc.o)
 .ARM.attributes
                0x00000730       0x2c c:/program files (x86)/atmel/studio/7.0/toolchain/arm/arm-gnu-toolchain/bin/../lib/gcc/arm-none-eabi/6.3.1/../../../../arm-none-eabi/lib/thumb/v6-m\libc_nano.a(lib_a-memset.o)
 .ARM.attributes
                0x0000075c       0x2c c:/program files (x86)/atmel/studio/7.0/toolchain/arm/arm-gnu-toolchain/bin/../lib/gcc/arm-none-eabi/6.3.1/../../../../arm-none-eabi/lib/thumb/v6-m\libc_nano.a(lib_a-nano-freer.o)
 .ARM.attributes
                0x00000788       0x2c c:/program files (x86)/atmel/studio/7.0/toolchain/arm/arm-gnu-toolchain/bin/../lib/gcc/arm-none-eabi/6.3.1/../../../../arm-none-eabi/lib/thumb/v6-m\libc_nano.a(lib_a-nano-mallocr.o)
 .ARM.attributes
                0x000007b4       0x2c c:/program files (x86)/atmel/studio/7.0/toolchain/arm/arm-gnu-toolchain/bin/../lib/gcc/arm-none-eabi/6.3.1/../../../../arm-none-eabi/lib/thumb/v6-m\libc_nano.a(lib_a-sbrkr.o)
 .ARM.attributes
                0x000007e0       0x2c c:/program files (x86)/atmel/studio/7.0/toolchain/arm/arm-gnu-toolchain/bin/../lib/gcc/arm-none-eabi/6.3.1/../../../../arm-none-eabi/lib/thumb/v6-m\libc_nano.a(lib_a-setbuf.o)
 .ARM.attributes
                0x0000080c       0x2c c:/program files (x86)/atmel/studio/7.0/toolchain/arm/arm-gnu-toolchain/bin/../lib/gcc/arm-none-eabi/6.3.1/../../../../arm-none-eabi/lib/thumb/v6-m\libc_nano.a(lib_a-setvbuf.o)
 .ARM.attributes
                0x00000838       0x1c c:/program files (x86)/atmel/studio/7.0/toolchain/arm/arm-gnu-toolchain/bin/../lib/gcc/arm-none-eabi/6.3.1/../../../../arm-none-eabi/lib/thumb/v6-m\libc_nano.a(lib_a-strlen.o)
 .ARM.attributes
                0x00000854       0x2c c:/program files (x86)/atmel/studio/7.0/toolchain/arm/arm-gnu-toolchain/bin/../lib/gcc/arm-none-eabi/6.3.1/../../../../arm-none-eabi/lib/thumb/v6-m\libc_nano.a(lib_a-fflush.o)
 .ARM.attributes
                0x00000880       0x2c c:/program files (x86)/atmel/studio/7.0/toolchain/arm/arm-gnu-toolchain/bin/../lib/gcc/arm-none-eabi/6.3.1/../../../../arm-none-eabi/lib/thumb/v6-m\libc_nano.a(lib_a-findfp.o)
 .ARM.attributes
                0x000008ac       0x2c c:/program files (x86)/atmel/studio/7.0/toolchain/arm/arm-gnu-toolchain/bin/../lib/gcc/arm-none-eabi/6.3.1/../../../../arm-none-eabi/lib/thumb/v6-m\libc_nano.a(lib_a-fwalk.o)
 .ARM.attributes
                0x000008d8       0x2c c:/program files (x86)/atmel/studio/7.0/toolchain/arm/arm-gnu-toolchain/bin/../lib/gcc/arm-none-eabi/6.3.1/../../../../arm-none-eabi/lib/thumb/v6-m\libc_nano.a(lib_a-makebuf.o)
 .ARM.attributes
                0x00000904       0x2c c:/program files (x86)/atmel/studio/7.0/toolchain/arm/arm-gnu-toolchain/bin/../lib/gcc/arm-none-eabi/6.3.1/../../../../arm-none-eabi/lib/thumb/v6-m\libc_nano.a(lib_a-mlock.o)
 .ARM.attributes
                0x00000930       0x2c c:/program files (x86)/atmel/studio/7.0/toolchain/arm/arm-gnu-toolchain/bin/../lib/gcc/arm-none-eabi/6.3.1/../../../../arm-none-eabi/lib/thumb/v6-m\libc_nano.a(lib_a-reent.o)
 .ARM.attributes
                0x0000095c       0x2c c:/program files (x86)/atmel/studio/7.0/toolchain/arm/arm-gnu-toolchain/bin/../lib/gcc/arm-none-eabi/6.3.1/../../../../arm-none-eabi/lib/thumb/v6-m\libc_nano.a(lib_a-stdio.o)
 .ARM.attributes
                0x00000988       0x2c c:/program files (x86)/atmel/studio/7.0/toolchain/arm/arm-gnu-toolchain/bin/../lib/gcc/arm-none-eabi/6.3.1/../../../../arm-none-eabi/lib/thumb/v6-m\libc_nano.a(lib_a-writer.o)
 .ARM.attributes
                0x000009b4       0x2c c:/program files (x86)/atmel/studio/7.0/toolchain/arm/arm-gnu-toolchain/bin/../lib/gcc/arm-none-eabi/6.3.1/../../../../arm-none-eabi/lib/thumb/v6-m\libc_nano.a(lib_a-closer.o)
 .ARM.attributes
                0x000009e0       0x2c c:/program files (x86)/atmel/studio/7.0/toolchain/arm/arm-gnu-toolchain/bin/../lib/gcc/arm-none-eabi/6.3.1/../../../../arm-none-eabi/lib/thumb/v6-m\libc_nano.a(lib_a-fstatr.o)
 .ARM.attributes
                0x00000a0c       0x2c c:/program files (x86)/atmel/studio/7.0/toolchain/arm/arm-gnu-toolchain/bin/../lib/gcc/arm-none-eabi/6.3.1/../../../../arm-none-eabi/lib/thumb/v6-m\libc_nano.a(lib_a-lseekr.o)
 .ARM.attributes
                0x00000a38       0x2c c:/program files (x86)/atmel/studio/7.0/toolchain/arm/arm-gnu-toolchain/bin/../lib/gcc/arm-none-eabi/6.3.1/../../../../arm-none-eabi/lib/thumb/v6-m\libc_nano.a(lib_a-readr.o)
 .ARM.attributes
                0x00000a64       0x1e c:/program files (x86)/atmel/studio/7.0/toolchain/arm/arm-gnu-toolchain/bin/../lib/gcc/arm-none-eabi/6.3.1/thumb/v6-m/crtn.o

.comment        0x00000000       0x59
 .comment       0x00000000       0x59 src/ASF/common2/services/delay/sam0/systick_counter.o
                                 0x5a (size before relaxing)
 .comment       0x00000059       0x5a src/ASF/sam0/boards/board_init.o
 .comment       0x00000059       0x5a src/SerialConsole/circular_buffer.o
 .comment       0x00000059       0x5a src/SerialConsole/SerialConsole.o
 .comment       0x00000059       0x5a src/ASF/common2/components/memory/sd_mmc/sd_mmc.o
 .comment       0x00000059       0x5a src/ASF/common2/components/memory/sd_mmc/sd_mmc_mem.o
 .comment       0x00000059       0x5a src/ASF/common2/components/memory/sd_mmc/sd_mmc_spi.o
 .comment       0x00000059       0x5a src/ASF/common/services/storage/ctrl_access/ctrl_access.o
 .comment       0x00000059       0x5a src/ASF/common/utils/interrupt/interrupt_sam_nvic.o
 .comment       0x00000059       0x5a src/ASF/sam0/drivers/port/port.o
 .comment       0x00000059       0x5a src/ASF/sam0/drivers/rtc/rtc_sam_d_r_h/rtc_calendar.o
 .comment       0x00000059       0x5a src/ASF/sam0/drivers/sercom/sercom.o
 .comment       0x00000059       0x5a src/ASF/sam0/drivers/sercom/sercom_interrupt.o
 .comment       0x00000059       0x5a src/ASF/sam0/drivers/sercom/spi/spi.o
 .comment       0x00000059       0x5a src/ASF/sam0/drivers/sercom/spi/spi_interrupt.o
 .comment       0x00000059       0x5a src/ASF/sam0/drivers/sercom/usart/usart.o
 .comment       0x00000059       0x5a src/ASF/sam0/drivers/sercom/usart/usart_interrupt.o
 .comment       0x00000059       0x5a src/ASF/sam0/drivers/system/clock/clock_samd21_r21_da_ha1/clock.o
 .comment       0x00000059       0x5a src/ASF/sam0/drivers/system/clock/clock_samd21_r21_da_ha1/gclk.o
 .comment       0x00000059       0x5a src/ASF/sam0/drivers/system/pinmux/pinmux.o
 .comment       0x00000059       0x5a src/ASF/sam0/drivers/system/system.o
 .comment       0x00000059       0x5a src/ASF/sam0/utils/cmsis/samd21/source/gcc/startup_samd21.o
 .comment       0x00000059       0x5a src/ASF/sam0/utils/stdio/read.o
 .comment       0x00000059       0x5a src/ASF/sam0/utils/stdio/write.o
 .comment       0x00000059       0x5a src/ASF/sam0/utils/syscalls/gcc/syscalls.o
 .comment       0x00000059       0x5a src/ASF/thirdparty/fatfs/fatfs-port-r0.09/diskio.o
 .comment       0x00000059       0x5a src/ASF/thirdparty/fatfs/fatfs-port-r0.09/sam0/fattime_rtc.o
 .comment       0x00000059       0x5a src/ASF/thirdparty/fatfs/fatfs-r0.09/src/ff.o
 .comment       0x00000059       0x5a src/ASF/thirdparty/fatfs/fatfs-r0.09/src/option/ccsbcs.o
 .comment       0x00000059       0x5a src/example.o

.debug_info     0x00000000    0x42720
 .debug_info    0x00000000      0xb8d src/ASF/common2/services/delay/sam0/systick_counter.o
 .debug_info    0x00000b8d     0x12ad src/ASF/sam0/boards/board_init.o
 .debug_info    0x00001e3a      0xd6e src/SerialConsole/circular_buffer.o
 .debug_info    0x00002ba8     0x3acd src/SerialConsole/SerialConsole.o
 .debug_info    0x00006675     0x1eac src/ASF/common2/components/memory/sd_mmc/sd_mmc.o
 .debug_info    0x00008521     0x1180 src/ASF/common2/components/memory/sd_mmc/sd_mmc_mem.o
 .debug_info    0x000096a1     0x47f9 src/ASF/common2/components/memory/sd_mmc/sd_mmc_spi.o
 .debug_info    0x0000de9a      0xf2a src/ASF/common/services/storage/ctrl_access/ctrl_access.o
 .debug_info    0x0000edc4      0xb07 src/ASF/common/utils/interrupt/interrupt_sam_nvic.o
 .debug_info    0x0000f8cb     0x12b6 src/ASF/sam0/drivers/port/port.o
 .debug_info    0x00010b81     0x3335 src/ASF/sam0/drivers/rtc/rtc_sam_d_r_h/rtc_calendar.o
 .debug_info    0x00013eb6     0x2dd3 src/ASF/sam0/drivers/sercom/sercom.o
 .debug_info    0x00016c89     0x2bcf src/ASF/sam0/drivers/sercom/sercom_interrupt.o
 .debug_info    0x00019858     0x5ee5 src/ASF/sam0/drivers/sercom/spi/spi.o
 .debug_info    0x0001f73d     0x31a3 src/ASF/sam0/drivers/sercom/spi/spi_interrupt.o
 .debug_info    0x000228e0     0x4ab0 src/ASF/sam0/drivers/sercom/usart/usart.o
 .debug_info    0x00027390     0x3048 src/ASF/sam0/drivers/sercom/usart/usart_interrupt.o
 .debug_info    0x0002a3d8     0x39d4 src/ASF/sam0/drivers/system/clock/clock_samd21_r21_da_ha1/clock.o
 .debug_info    0x0002ddac     0x1ec7 src/ASF/sam0/drivers/system/clock/clock_samd21_r21_da_ha1/gclk.o
 .debug_info    0x0002fc73     0x13f3 src/ASF/sam0/drivers/system/pinmux/pinmux.o
 .debug_info    0x00031066      0xa73 src/ASF/sam0/drivers/system/system.o
 .debug_info    0x00031ad9     0x3a3f src/ASF/sam0/utils/cmsis/samd21/source/gcc/startup_samd21.o
 .debug_info    0x00035518      0xacf src/ASF/sam0/utils/stdio/read.o
 .debug_info    0x00035fe7      0xacc src/ASF/sam0/utils/stdio/write.o
 .debug_info    0x00036ab3      0xd98 src/ASF/sam0/utils/syscalls/gcc/syscalls.o
 .debug_info    0x0003784b     0x2552 src/ASF/thirdparty/fatfs/fatfs-port-r0.09/diskio.o
 .debug_info    0x00039d9d     0x1f26 src/ASF/thirdparty/fatfs/fatfs-port-r0.09/sam0/fattime_rtc.o
 .debug_info    0x0003bcc3     0x3408 src/ASF/thirdparty/fatfs/fatfs-r0.09/src/ff.o
 .debug_info    0x0003f0cb      0x16d src/ASF/thirdparty/fatfs/fatfs-r0.09/src/option/ccsbcs.o
 .debug_info    0x0003f238     0x34e8 src/example.o

.debug_abbrev   0x00000000     0x61e6
 .debug_abbrev  0x00000000      0x24b src/ASF/common2/services/delay/sam0/systick_counter.o
 .debug_abbrev  0x0000024b      0x2dc src/ASF/sam0/boards/board_init.o
 .debug_abbrev  0x00000527      0x2db src/SerialConsole/circular_buffer.o
 .debug_abbrev  0x00000802      0x4e7 src/SerialConsole/SerialConsole.o
 .debug_abbrev  0x00000ce9      0x3e4 src/ASF/common2/components/memory/sd_mmc/sd_mmc.o
 .debug_abbrev  0x000010cd      0x2fd src/ASF/common2/components/memory/sd_mmc/sd_mmc_mem.o
 .debug_abbrev  0x000013ca      0x51b src/ASF/common2/components/memory/sd_mmc/sd_mmc_spi.o
 .debug_abbrev  0x000018e5      0x29f src/ASF/common/services/storage/ctrl_access/ctrl_access.o
 .debug_abbrev  0x00001b84      0x22c src/ASF/common/utils/interrupt/interrupt_sam_nvic.o
 .debug_abbrev  0x00001db0      0x298 src/ASF/sam0/drivers/port/port.o
 .debug_abbrev  0x00002048      0x4c8 src/ASF/sam0/drivers/rtc/rtc_sam_d_r_h/rtc_calendar.o
 .debug_abbrev  0x00002510      0x378 src/ASF/sam0/drivers/sercom/sercom.o
 .debug_abbrev  0x00002888      0x2d8 src/ASF/sam0/drivers/sercom/sercom_interrupt.o
 .debug_abbrev  0x00002b60      0x510 src/ASF/sam0/drivers/sercom/spi/spi.o
 .debug_abbrev  0x00003070      0x3fd src/ASF/sam0/drivers/sercom/spi/spi_interrupt.o
 .debug_abbrev  0x0000346d      0x488 src/ASF/sam0/drivers/sercom/usart/usart.o
 .debug_abbrev  0x000038f5      0x416 src/ASF/sam0/drivers/sercom/usart/usart_interrupt.o
 .debug_abbrev  0x00003d0b      0x493 src/ASF/sam0/drivers/system/clock/clock_samd21_r21_da_ha1/clock.o
 .debug_abbrev  0x0000419e      0x40d src/ASF/sam0/drivers/system/clock/clock_samd21_r21_da_ha1/gclk.o
 .debug_abbrev  0x000045ab      0x361 src/ASF/sam0/drivers/system/pinmux/pinmux.o
 .debug_abbrev  0x0000490c      0x1e1 src/ASF/sam0/drivers/system/system.o
 .debug_abbrev  0x00004aed      0x234 src/ASF/sam0/utils/cmsis/samd21/source/gcc/startup_samd21.o
 .debug_abbrev  0x00004d21      0x218 src/ASF/sam0/utils/stdio/read.o
 .debug_abbrev  0x00004f39      0x203 src/ASF/sam0/utils/stdio/write.o
 .debug_abbrev  0x0000513c      0x257 src/ASF/sam0/utils/syscalls/gcc/syscalls.o
 .debug_abbrev  0x00005393      0x400 src/ASF/thirdparty/fatfs/fatfs-port-r0.09/diskio.o
 .debug_abbrev  0x00005793      0x260 src/ASF/thirdparty/fatfs/fatfs-port-r0.09/sam0/fattime_rtc.o
 .debug_abbrev  0x000059f3      0x361 src/ASF/thirdparty/fatfs/fatfs-r0.09/src/ff.o
 .debug_abbrev  0x00005d54       0xc7 src/ASF/thirdparty/fatfs/fatfs-r0.09/src/option/ccsbcs.o
 .debug_abbrev  0x00005e1b      0x3cb src/example.o

.debug_loc      0x00000000     0xf5df
 .debug_loc     0x00000000       0xe4 src/ASF/common2/services/delay/sam0/systick_counter.o
 .debug_loc     0x000000e4       0x8a src/ASF/sam0/boards/board_init.o
 .debug_loc     0x0000016e      0x387 src/SerialConsole/circular_buffer.o
 .debug_loc     0x000004f5      0x40b src/SerialConsole/SerialConsole.o
 .debug_loc     0x00000900      0xf94 src/ASF/common2/components/memory/sd_mmc/sd_mmc.o
 .debug_loc     0x00001894      0x615 src/ASF/common2/components/memory/sd_mmc/sd_mmc_mem.o
 .debug_loc     0x00001ea9      0x98f src/ASF/common2/components/memory/sd_mmc/sd_mmc_spi.o
 .debug_loc     0x00002838      0x4a8 src/ASF/common/services/storage/ctrl_access/ctrl_access.o
 .debug_loc     0x00002ce0      0x13d src/ASF/sam0/drivers/port/port.o
 .debug_loc     0x00002e1d      0x945 src/ASF/sam0/drivers/rtc/rtc_sam_d_r_h/rtc_calendar.o
 .debug_loc     0x00003762      0x9d5 src/ASF/sam0/drivers/sercom/sercom.o
 .debug_loc     0x00004137      0x161 src/ASF/sam0/drivers/sercom/sercom_interrupt.o
 .debug_loc     0x00004298     0x19c3 src/ASF/sam0/drivers/sercom/spi/spi.o
 .debug_loc     0x00005c5b      0x632 src/ASF/sam0/drivers/sercom/spi/spi_interrupt.o
 .debug_loc     0x0000628d      0xe2f src/ASF/sam0/drivers/sercom/usart/usart.o
 .debug_loc     0x000070bc      0x711 src/ASF/sam0/drivers/sercom/usart/usart_interrupt.o
 .debug_loc     0x000077cd      0xf7d src/ASF/sam0/drivers/system/clock/clock_samd21_r21_da_ha1/clock.o
 .debug_loc     0x0000874a      0x504 src/ASF/sam0/drivers/system/clock/clock_samd21_r21_da_ha1/gclk.o
 .debug_loc     0x00008c4e      0x36d src/ASF/sam0/drivers/system/pinmux/pinmux.o
 .debug_loc     0x00008fbb       0x20 src/ASF/sam0/drivers/system/system.o
 .debug_loc     0x00008fdb       0x40 src/ASF/sam0/utils/cmsis/samd21/source/gcc/startup_samd21.o
 .debug_loc     0x0000901b       0xca src/ASF/sam0/utils/stdio/read.o
 .debug_loc     0x000090e5      0x130 src/ASF/sam0/utils/stdio/write.o
 .debug_loc     0x00009215       0xef src/ASF/sam0/utils/syscalls/gcc/syscalls.o
 .debug_loc     0x00009304      0x645 src/ASF/thirdparty/fatfs/fatfs-port-r0.09/diskio.o
 .debug_loc     0x00009949       0x2c src/ASF/thirdparty/fatfs/fatfs-port-r0.09/sam0/fattime_rtc.o
 .debug_loc     0x00009975     0x5a94 src/ASF/thirdparty/fatfs/fatfs-r0.09/src/ff.o
 .debug_loc     0x0000f409      0x109 src/ASF/thirdparty/fatfs/fatfs-r0.09/src/option/ccsbcs.o
 .debug_loc     0x0000f512       0xcd src/example.o

.debug_aranges  0x00000000      0xac8
 .debug_aranges
                0x00000000       0x30 src/ASF/common2/services/delay/sam0/systick_counter.o
 .debug_aranges
                0x00000030       0x20 src/ASF/sam0/boards/board_init.o
 .debug_aranges
                0x00000050       0x70 src/SerialConsole/circular_buffer.o
 .debug_aranges
                0x000000c0       0x70 src/SerialConsole/SerialConsole.o
 .debug_aranges
                0x00000130       0xa8 src/ASF/common2/components/memory/sd_mmc/sd_mmc.o
 .debug_aranges
                0x000001d8       0xc0 src/ASF/common2/components/memory/sd_mmc/sd_mmc_mem.o
 .debug_aranges
                0x00000298       0xb8 src/ASF/common2/components/memory/sd_mmc/sd_mmc_spi.o
 .debug_aranges
                0x00000350       0x70 src/ASF/common/services/storage/ctrl_access/ctrl_access.o
 .debug_aranges
                0x000003c0       0x28 src/ASF/common/utils/interrupt/interrupt_sam_nvic.o
 .debug_aranges
                0x000003e8       0x28 src/ASF/sam0/drivers/port/port.o
 .debug_aranges
                0x00000410       0x78 src/ASF/sam0/drivers/rtc/rtc_sam_d_r_h/rtc_calendar.o
 .debug_aranges
                0x00000488       0x48 src/ASF/sam0/drivers/sercom/sercom.o
 .debug_aranges
                0x000004d0       0x60 src/ASF/sam0/drivers/sercom/sercom_interrupt.o
 .debug_aranges
                0x00000530       0x58 src/ASF/sam0/drivers/sercom/spi/spi.o
 .debug_aranges
                0x00000588       0x50 src/ASF/sam0/drivers/sercom/spi/spi_interrupt.o
 .debug_aranges
                0x000005d8       0x40 src/ASF/sam0/drivers/sercom/usart/usart.o
 .debug_aranges
                0x00000618       0x70 src/ASF/sam0/drivers/sercom/usart/usart_interrupt.o
 .debug_aranges
                0x00000688       0x78 src/ASF/sam0/drivers/system/clock/clock_samd21_r21_da_ha1/clock.o
 .debug_aranges
                0x00000700       0x80 src/ASF/sam0/drivers/system/clock/clock_samd21_r21_da_ha1/gclk.o
 .debug_aranges
                0x00000780       0x40 src/ASF/sam0/drivers/system/pinmux/pinmux.o
 .debug_aranges
                0x000007c0       0x28 src/ASF/sam0/drivers/system/system.o
 .debug_aranges
                0x000007e8       0x28 src/ASF/sam0/utils/cmsis/samd21/source/gcc/startup_samd21.o
 .debug_aranges
                0x00000810       0x20 src/ASF/sam0/utils/stdio/read.o
 .debug_aranges
                0x00000830       0x20 src/ASF/sam0/utils/stdio/write.o
 .debug_aranges
                0x00000850       0x60 src/ASF/sam0/utils/syscalls/gcc/syscalls.o
 .debug_aranges
                0x000008b0       0x40 src/ASF/thirdparty/fatfs/fatfs-port-r0.09/diskio.o
 .debug_aranges
                0x000008f0       0x20 src/ASF/thirdparty/fatfs/fatfs-port-r0.09/sam0/fattime_rtc.o
 .debug_aranges
                0x00000910      0x170 src/ASF/thirdparty/fatfs/fatfs-r0.09/src/ff.o
 .debug_aranges
                0x00000a80       0x28 src/ASF/thirdparty/fatfs/fatfs-r0.09/src/option/ccsbcs.o
 .debug_aranges
                0x00000aa8       0x20 src/example.o

.debug_ranges   0x00000000      0xf50
 .debug_ranges  0x00000000       0x50 src/ASF/common2/services/delay/sam0/systick_counter.o
 .debug_ranges  0x00000050       0x10 src/ASF/sam0/boards/board_init.o
 .debug_ranges  0x00000060       0x60 src/SerialConsole/circular_buffer.o
 .debug_ranges  0x000000c0       0x60 src/SerialConsole/SerialConsole.o
 .debug_ranges  0x00000120      0x1d8 src/ASF/common2/components/memory/sd_mmc/sd_mmc.o
 .debug_ranges  0x000002f8       0xb0 src/ASF/common2/components/memory/sd_mmc/sd_mmc_mem.o
 .debug_ranges  0x000003a8       0xa8 src/ASF/common2/components/memory/sd_mmc/sd_mmc_spi.o
 .debug_ranges  0x00000450       0x60 src/ASF/common/services/storage/ctrl_access/ctrl_access.o
 .debug_ranges  0x000004b0       0x18 src/ASF/common/utils/interrupt/interrupt_sam_nvic.o
 .debug_ranges  0x000004c8       0x18 src/ASF/sam0/drivers/port/port.o
 .debug_ranges  0x000004e0       0xb0 src/ASF/sam0/drivers/rtc/rtc_sam_d_r_h/rtc_calendar.o
 .debug_ranges  0x00000590       0x50 src/ASF/sam0/drivers/sercom/sercom.o
 .debug_ranges  0x000005e0       0x50 src/ASF/sam0/drivers/sercom/sercom_interrupt.o
 .debug_ranges  0x00000630      0x240 src/ASF/sam0/drivers/sercom/spi/spi.o
 .debug_ranges  0x00000870       0xb8 src/ASF/sam0/drivers/sercom/spi/spi_interrupt.o
 .debug_ranges  0x00000928      0x140 src/ASF/sam0/drivers/sercom/usart/usart.o
 .debug_ranges  0x00000a68       0x60 src/ASF/sam0/drivers/sercom/usart/usart_interrupt.o
 .debug_ranges  0x00000ac8       0x68 src/ASF/sam0/drivers/system/clock/clock_samd21_r21_da_ha1/clock.o
 .debug_ranges  0x00000b30       0x88 src/ASF/sam0/drivers/system/clock/clock_samd21_r21_da_ha1/gclk.o
 .debug_ranges  0x00000bb8       0x30 src/ASF/sam0/drivers/system/pinmux/pinmux.o
 .debug_ranges  0x00000be8       0x18 src/ASF/sam0/drivers/system/system.o
 .debug_ranges  0x00000c00       0x18 src/ASF/sam0/utils/cmsis/samd21/source/gcc/startup_samd21.o
 .debug_ranges  0x00000c18       0x10 src/ASF/sam0/utils/stdio/read.o
 .debug_ranges  0x00000c28       0x10 src/ASF/sam0/utils/stdio/write.o
 .debug_ranges  0x00000c38       0x50 src/ASF/sam0/utils/syscalls/gcc/syscalls.o
 .debug_ranges  0x00000c88       0x30 src/ASF/thirdparty/fatfs/fatfs-port-r0.09/diskio.o
 .debug_ranges  0x00000cb8       0x10 src/ASF/thirdparty/fatfs/fatfs-port-r0.09/sam0/fattime_rtc.o
 .debug_ranges  0x00000cc8      0x260 src/ASF/thirdparty/fatfs/fatfs-r0.09/src/ff.o
 .debug_ranges  0x00000f28       0x18 src/ASF/thirdparty/fatfs/fatfs-r0.09/src/option/ccsbcs.o
 .debug_ranges  0x00000f40       0x10 src/example.o

.debug_macro    0x00000000    0x1f865
 .debug_macro   0x00000000      0x539 src/ASF/common2/services/delay/sam0/systick_counter.o
 .debug_macro   0x00000539      0x8ce src/ASF/common2/services/delay/sam0/systick_counter.o
 .debug_macro   0x00000e07      0x16d src/ASF/common2/services/delay/sam0/systick_counter.o
 .debug_macro   0x00000f74      0x6d7 src/ASF/common2/services/delay/sam0/systick_counter.o
 .debug_macro   0x0000164b       0x22 src/ASF/common2/services/delay/sam0/systick_counter.o
 .debug_macro   0x0000166d       0x87 src/ASF/common2/services/delay/sam0/systick_counter.o
 .debug_macro   0x000016f4       0x51 src/ASF/common2/services/delay/sam0/systick_counter.o
 .debug_macro   0x00001745       0xef src/ASF/common2/services/delay/sam0/systick_counter.o
 .debug_macro   0x00001834       0x6a src/ASF/common2/services/delay/sam0/systick_counter.o
 .debug_macro   0x0000189e      0x1df src/ASF/common2/services/delay/sam0/systick_counter.o
 .debug_macro   0x00001a7d       0x10 src/ASF/common2/services/delay/sam0/systick_counter.o
 .debug_macro   0x00001a8d       0x76 src/ASF/common2/services/delay/sam0/systick_counter.o
 .debug_macro   0x00001b03       0x16 src/ASF/common2/services/delay/sam0/systick_counter.o
 .debug_macro   0x00001b19      0x6db src/ASF/common2/services/delay/sam0/systick_counter.o
 .debug_macro   0x000021f4      0xdd8 src/ASF/common2/services/delay/sam0/systick_counter.o
 .debug_macro   0x00002fcc       0x22 src/ASF/common2/services/delay/sam0/systick_counter.o
 .debug_macro   0x00002fee       0x40 src/ASF/common2/services/delay/sam0/systick_counter.o
 .debug_macro   0x0000302e       0x3a src/ASF/common2/services/delay/sam0/systick_counter.o
 .debug_macro   0x00003068       0x1f src/ASF/common2/services/delay/sam0/systick_counter.o
 .debug_macro   0x00003087      0x250 src/ASF/common2/services/delay/sam0/systick_counter.o
 .debug_macro   0x000032d7      0x681 src/ASF/common2/services/delay/sam0/systick_counter.o
 .debug_macro   0x00003958      0x8b5 src/ASF/common2/services/delay/sam0/systick_counter.o
 .debug_macro   0x0000420d      0x230 src/ASF/common2/services/delay/sam0/systick_counter.o
 .debug_macro   0x0000443d      0xd60 src/ASF/common2/services/delay/sam0/systick_counter.o
 .debug_macro   0x0000519d      0x4cb src/ASF/common2/services/delay/sam0/systick_counter.o
 .debug_macro   0x00005668      0x9f8 src/ASF/common2/services/delay/sam0/systick_counter.o
 .debug_macro   0x00006060      0x82b src/ASF/common2/services/delay/sam0/systick_counter.o
 .debug_macro   0x0000688b      0x455 src/ASF/common2/services/delay/sam0/systick_counter.o
 .debug_macro   0x00006ce0       0x5e src/ASF/common2/services/delay/sam0/systick_counter.o
 .debug_macro   0x00006d3e      0x8fd src/ASF/common2/services/delay/sam0/systick_counter.o
 .debug_macro   0x0000763b      0x21c src/ASF/common2/services/delay/sam0/systick_counter.o
 .debug_macro   0x00007857      0x95b src/ASF/common2/services/delay/sam0/systick_counter.o
 .debug_macro   0x000081b2       0x5e src/ASF/common2/services/delay/sam0/systick_counter.o
 .debug_macro   0x00008210      0x667 src/ASF/common2/services/delay/sam0/systick_counter.o
 .debug_macro   0x00008877      0x3af src/ASF/common2/services/delay/sam0/systick_counter.o
 .debug_macro   0x00008c26      0xc7a src/ASF/common2/services/delay/sam0/systick_counter.o
 .debug_macro   0x000098a0     0x1092 src/ASF/common2/services/delay/sam0/systick_counter.o
 .debug_macro   0x0000a932      0xc4a src/ASF/common2/services/delay/sam0/systick_counter.o
 .debug_macro   0x0000b57c      0x6ba src/ASF/common2/services/delay/sam0/systick_counter.o
 .debug_macro   0x0000bc36     0x1bbf src/ASF/common2/services/delay/sam0/systick_counter.o
 .debug_macro   0x0000d7f5     0x1440 src/ASF/common2/services/delay/sam0/systick_counter.o
 .debug_macro   0x0000ec35      0x344 src/ASF/common2/services/delay/sam0/systick_counter.o
 .debug_macro   0x0000ef79       0x7c src/ASF/common2/services/delay/sam0/systick_counter.o
 .debug_macro   0x0000eff5       0xa0 src/ASF/common2/services/delay/sam0/systick_counter.o
 .debug_macro   0x0000f095       0x4c src/ASF/common2/services/delay/sam0/systick_counter.o
 .debug_macro   0x0000f0e1       0xca src/ASF/common2/services/delay/sam0/systick_counter.o
 .debug_macro   0x0000f1ab       0x94 src/ASF/common2/services/delay/sam0/systick_counter.o
 .debug_macro   0x0000f23f       0x58 src/ASF/common2/services/delay/sam0/systick_counter.o
 .debug_macro   0x0000f297      0x37d src/ASF/common2/services/delay/sam0/systick_counter.o
 .debug_macro   0x0000f614       0x82 src/ASF/common2/services/delay/sam0/systick_counter.o
 .debug_macro   0x0000f696      0x18d src/ASF/common2/services/delay/sam0/systick_counter.o
 .debug_macro   0x0000f823       0xb8 src/ASF/common2/services/delay/sam0/systick_counter.o
 .debug_macro   0x0000f8db       0xa0 src/ASF/common2/services/delay/sam0/systick_counter.o
 .debug_macro   0x0000f97b       0xb8 src/ASF/common2/services/delay/sam0/systick_counter.o
 .debug_macro   0x0000fa33       0x1c src/ASF/common2/services/delay/sam0/systick_counter.o
 .debug_macro   0x0000fa4f       0x1c src/ASF/common2/services/delay/sam0/systick_counter.o
 .debug_macro   0x0000fa6b       0x1c src/ASF/common2/services/delay/sam0/systick_counter.o
 .debug_macro   0x0000fa87       0x82 src/ASF/common2/services/delay/sam0/systick_counter.o
 .debug_macro   0x0000fb09      0x15a src/ASF/common2/services/delay/sam0/systick_counter.o
 .debug_macro   0x0000fc63       0xdc src/ASF/common2/services/delay/sam0/systick_counter.o
 .debug_macro   0x0000fd3f      0x128 src/ASF/common2/services/delay/sam0/systick_counter.o
 .debug_macro   0x0000fe67      0x128 src/ASF/common2/services/delay/sam0/systick_counter.o
 .debug_macro   0x0000ff8f      0x128 src/ASF/common2/services/delay/sam0/systick_counter.o
 .debug_macro   0x000100b7      0x128 src/ASF/common2/services/delay/sam0/systick_counter.o
 .debug_macro   0x000101df      0x128 src/ASF/common2/services/delay/sam0/systick_counter.o
 .debug_macro   0x00010307      0x128 src/ASF/common2/services/delay/sam0/systick_counter.o
 .debug_macro   0x0001042f      0x124 src/ASF/common2/services/delay/sam0/systick_counter.o
 .debug_macro   0x00010553       0xe2 src/ASF/common2/services/delay/sam0/systick_counter.o
 .debug_macro   0x00010635       0xe2 src/ASF/common2/services/delay/sam0/systick_counter.o
 .debug_macro   0x00010717       0xe2 src/ASF/common2/services/delay/sam0/systick_counter.o
 .debug_macro   0x000107f9      0x130 src/ASF/common2/services/delay/sam0/systick_counter.o
 .debug_macro   0x00010929      0x106 src/ASF/common2/services/delay/sam0/systick_counter.o
 .debug_macro   0x00010a2f       0xfa src/ASF/common2/services/delay/sam0/systick_counter.o
 .debug_macro   0x00010b29      0x40f src/ASF/common2/services/delay/sam0/systick_counter.o
 .debug_macro   0x00010f38       0x40 src/ASF/common2/services/delay/sam0/systick_counter.o
 .debug_macro   0x00010f78      0x361 src/ASF/common2/services/delay/sam0/systick_counter.o
 .debug_macro   0x000112d9     0x16e3 src/ASF/common2/services/delay/sam0/systick_counter.o
 .debug_macro   0x000129bc       0x6d src/ASF/common2/services/delay/sam0/systick_counter.o
 .debug_macro   0x00012a29       0x58 src/ASF/common2/services/delay/sam0/systick_counter.o
 .debug_macro   0x00012a81       0x35 src/ASF/common2/services/delay/sam0/systick_counter.o
 .debug_macro   0x00012ab6       0x9c src/ASF/common2/services/delay/sam0/systick_counter.o
 .debug_macro   0x00012b52       0x16 src/ASF/common2/services/delay/sam0/systick_counter.o
 .debug_macro   0x00012b68       0x35 src/ASF/common2/services/delay/sam0/systick_counter.o
 .debug_macro   0x00012b9d      0x353 src/ASF/common2/services/delay/sam0/systick_counter.o
 .debug_macro   0x00012ef0       0x10 src/ASF/common2/services/delay/sam0/systick_counter.o
 .debug_macro   0x00012f00       0x58 src/ASF/common2/services/delay/sam0/systick_counter.o
 .debug_macro   0x00012f58       0x1f src/ASF/common2/services/delay/sam0/systick_counter.o
 .debug_macro   0x00012f77       0x43 src/ASF/common2/services/delay/sam0/systick_counter.o
 .debug_macro   0x00012fba       0x20 src/ASF/common2/services/delay/sam0/systick_counter.o
 .debug_macro   0x00012fda      0x187 src/ASF/common2/services/delay/sam0/systick_counter.o
 .debug_macro   0x00013161       0x10 src/ASF/common2/services/delay/sam0/systick_counter.o
 .debug_macro   0x00013171       0x1c src/ASF/common2/services/delay/sam0/systick_counter.o
 .debug_macro   0x0001318d       0x52 src/ASF/common2/services/delay/sam0/systick_counter.o
 .debug_macro   0x000131df       0x40 src/ASF/common2/services/delay/sam0/systick_counter.o
 .debug_macro   0x0001321f       0x10 src/ASF/common2/services/delay/sam0/systick_counter.o
 .debug_macro   0x0001322f       0x40 src/ASF/common2/services/delay/sam0/systick_counter.o
 .debug_macro   0x0001326f       0xd7 src/ASF/common2/services/delay/sam0/systick_counter.o
 .debug_macro   0x00013346       0x16 src/ASF/common2/services/delay/sam0/systick_counter.o
 .debug_macro   0x0001335c      0x18b src/ASF/common2/services/delay/sam0/systick_counter.o
 .debug_macro   0x000134e7       0x16 src/ASF/common2/services/delay/sam0/systick_counter.o
 .debug_macro   0x000134fd       0x16 src/ASF/common2/services/delay/sam0/systick_counter.o
 .debug_macro   0x00013513       0x29 src/ASF/common2/services/delay/sam0/systick_counter.o
 .debug_macro   0x0001353c       0x51 src/ASF/common2/services/delay/sam0/systick_counter.o
 .debug_macro   0x0001358d       0x3e src/ASF/common2/services/delay/sam0/systick_counter.o
 .debug_macro   0x000135cb      0x3df src/ASF/common2/services/delay/sam0/systick_counter.o
 .debug_macro   0x000139aa       0x11 src/ASF/common2/services/delay/sam0/systick_counter.o
 .debug_macro   0x000139bb       0x16 src/ASF/common2/services/delay/sam0/systick_counter.o
 .debug_macro   0x000139d1       0x16 src/ASF/common2/services/delay/sam0/systick_counter.o
 .debug_macro   0x000139e7      0x53a src/ASF/sam0/boards/board_init.o
 .debug_macro   0x00013f21      0x2c3 src/ASF/sam0/boards/board_init.o
 .debug_macro   0x000141e4      0x6ce src/ASF/sam0/boards/board_init.o
 .debug_macro   0x000148b2       0x18 src/ASF/sam0/boards/board_init.o
 .debug_macro   0x000148ca       0x12 src/ASF/sam0/boards/board_init.o
 .debug_macro   0x000148dc      0x142 src/SerialConsole/circular_buffer.o
 .debug_macro   0x00014a1e       0x52 src/SerialConsole/circular_buffer.o
 .debug_macro   0x00014a70       0x8d src/SerialConsole/circular_buffer.o
 .debug_macro   0x00014afd      0x10e src/SerialConsole/circular_buffer.o
 .debug_macro   0x00014c0b       0x86 src/SerialConsole/circular_buffer.o
 .debug_macro   0x00014c91       0x57 src/SerialConsole/circular_buffer.o
 .debug_macro   0x00014ce8       0x16 src/SerialConsole/circular_buffer.o
 .debug_macro   0x00014cfe      0x763 src/SerialConsole/SerialConsole.o
 .debug_macro   0x00015461       0x10 src/SerialConsole/SerialConsole.o
 .debug_macro   0x00015471       0x82 src/SerialConsole/SerialConsole.o
 .debug_macro   0x000154f3       0x9b src/SerialConsole/SerialConsole.o
 .debug_macro   0x0001558e       0xe7 src/SerialConsole/SerialConsole.o
 .debug_macro   0x00015675      0x1bf src/SerialConsole/SerialConsole.o
 .debug_macro   0x00015834       0x46 src/SerialConsole/SerialConsole.o
 .debug_macro   0x0001587a       0x11 src/SerialConsole/SerialConsole.o
 .debug_macro   0x0001588b       0x18 src/SerialConsole/SerialConsole.o
 .debug_macro   0x000158a3      0x298 src/SerialConsole/SerialConsole.o
 .debug_macro   0x00015b3b       0x52 src/SerialConsole/SerialConsole.o
 .debug_macro   0x00015b8d       0x9a src/SerialConsole/SerialConsole.o
 .debug_macro   0x00015c27       0xb2 src/SerialConsole/SerialConsole.o
 .debug_macro   0x00015cd9       0x10 src/SerialConsole/SerialConsole.o
 .debug_macro   0x00015ce9       0x16 src/SerialConsole/SerialConsole.o
 .debug_macro   0x00015cff       0x35 src/SerialConsole/SerialConsole.o
 .debug_macro   0x00015d34       0x49 src/SerialConsole/SerialConsole.o
 .debug_macro   0x00015d7d       0x4c src/SerialConsole/SerialConsole.o
 .debug_macro   0x00015dc9      0x7f2 src/ASF/common2/components/memory/sd_mmc/sd_mmc.o
 .debug_macro   0x000165bb      0xd3a src/ASF/common2/components/memory/sd_mmc/sd_mmc.o
 .debug_macro   0x000172f5       0x52 src/ASF/common2/components/memory/sd_mmc/sd_mmc.o
 .debug_macro   0x00017347      0x55a src/ASF/common2/components/memory/sd_mmc/sd_mmc_mem.o